Build started 4/4/26 01:46:07.
     1>Project "G:\source mu\Source\DataServer_UP15\DataServer\DataServer.vcxproj" on node 2 (build target(s)).
       Project file contains ToolsVersion="12.0". This toolset may be unknown or missing, in which case you may be able to resolve this by installing the appropriate version of MSBuild, or the build may have been forced to a particular ToolsVersion for policy reasons. Treating the project as if it had ToolsVersion="4.0". For more information, please see http://go.microsoft.com/fwlink/?LinkId=291333.
     1>C:\Program Files (x86)\MSBuild\Microsoft.Cpp\v4.0\Microsoft.CppBuild.targets(299,5): warning MSB8004: Output Directory does not end with a trailing slash.  This build instance will add the slash as it is required to allow proper evaluation of the Output Directory.
     1>InitializeBuildStatus:
         Creating "Release\DataServer_EX603\DataServer.unsuccessfulbuild" because "AlwaysCreate" was specified.
       ClCompile:
         All outputs are up-to-date.
         C:\Program Files (x86)\Microsoft Visual Studio 10.0\VC\bin\CL.exe /c /Zi /nologo /W3 /WX- /O2 /Oi /Oy- /GL /D WIN32 /D NDEBUG /D _WINDOWS /D DATASERVER_UPDATE=603 /D _MBCS /Gm- /EHsc /MD /GS /Gy /fp:precise /Zc:wchar_t /Zc:forScope /Yu"StdAfx.h" /Fp"Release\DataServer_EX603\DataServer.pch" /Fo"Release\DataServer_EX603\\" /Fd"Release\DataServer_EX603\vc100.pdb" /Gd /TP /analyze- /errorReport:prompt ArcaBattle.cpp CSProtocol.cpp CashShop.cpp CastleDBSet.cpp CommandManager.cpp DataServer.cpp DataServerProtocol.cpp ESProtocol.cpp EventInventory.cpp GensSystem.cpp GuildManager.cpp GuildMatching.cpp Helper.cpp LuckyCoin.cpp LuckyItem.cpp MasterSkillTree.cpp MuRummy.cpp MuunSystem.cpp NewUIMyInventory.cpp NpcTalk.cpp PartyMatching.cpp PcPoint.cpp PentagramSystem.cpp PersonalShop.cpp Quest.cpp QuestWorld.cpp ReiDoMU.cpp ServerManager.cpp SocketManager.cpp Warehouse.cpp
         ArcaBattle.cpp
         CSProtocol.cpp
         CashShop.cpp
     1>CashShop.cpp(601): warning C4146: unary minus operator applied to unsigned type, result still unsigned
     1>CashShop.cpp(607): warning C4146: unary minus operator applied to unsigned type, result still unsigned
     1>CashShop.cpp(613): warning C4146: unary minus operator applied to unsigned type, result still unsigned
     1>CashShop.cpp(619): warning C4146: unary minus operator applied to unsigned type, result still unsigned
         CastleDBSet.cpp
         CommandManager.cpp
         DataServer.cpp
         DataServerProtocol.cpp
     1>DataServerProtocol.cpp(1442): warning C4996: 'sprintf': This function or variable may be unsafe. Consider using sprintf_s instead. To disable deprecation, use _CRT_SECURE_NO_WARNINGS. See online help for details.
                 C:\Program Files (x86)\Microsoft Visual Studio 10.0\VC\include\stdio.h(371) : see declaration of 'sprintf'
         ESProtocol.cpp
         EventInventory.cpp
         GensSystem.cpp
         GuildManager.cpp
         GuildMatching.cpp
         Helper.cpp
         LuckyCoin.cpp
         LuckyItem.cpp
         MasterSkillTree.cpp
         MuRummy.cpp
         MuunSystem.cpp
         NewUIMyInventory.cpp
         NpcTalk.cpp
         Compiling...
         PartyMatching.cpp
         PcPoint.cpp
         PentagramSystem.cpp
         PersonalShop.cpp
         Quest.cpp
         QuestWorld.cpp
         ReiDoMU.cpp
         ServerManager.cpp
         SocketManager.cpp
         Warehouse.cpp
       ResourceCompile:
         All outputs are up-to-date.
       Link:
         C:\Program Files (x86)\Microsoft Visual Studio 10.0\VC\bin\link.exe /ERRORREPORT:PROMPT /OUT:"..\..\..\MuServer\2.DataServer\DataServer.exe" /INCREMENTAL:NO /NOLOGO kernel32.lib user32.lib gdi32.lib winspool.lib comdlg32.lib advapi32.lib shell32.lib ole32.lib oleaut32.lib uuid.lib odbc32.lib odbccp32.lib /MANIFEST /ManifestFile:"Release\DataServer_EX603\DataServer.exe.intermediate.manifest" /MANIFESTUAC:"level='asInvoker' uiAccess='false'" /DEBUG /PDB:"G:\source mu\MuServer\2.DataServer\DataServer.pdb" /SUBSYSTEM:WINDOWS /OPT:REF /OPT:ICF /LTCG /TLBID:1 /DYNAMICBASE /NXCOMPAT /IMPLIB:"..\..\..\MuServer\2.DataServer\DataServer.lib" /MACHINE:X86 Release\DataServer_EX603\DataServer.res
         Release\DataServer_EX603\AllowableIpList.obj
         Release\DataServer_EX603\ArcaBattle.obj
         Release\DataServer_EX603\BadSyntax.obj
         Release\DataServer_EX603\CashShop.obj
         Release\DataServer_EX603\CastleDBSet.obj
         Release\DataServer_EX603\CharacterManager.obj
         Release\DataServer_EX603\CommandManager.obj
         Release\DataServer_EX603\CriticalSection.obj
         Release\DataServer_EX603\CSProtocol.obj
         Release\DataServer_EX603\DataServer.obj
         Release\DataServer_EX603\DataServerProtocol.obj
         Release\DataServer_EX603\ESProtocol.obj
         Release\DataServer_EX603\EventInventory.obj
         Release\DataServer_EX603\GensSystem.obj
         Release\DataServer_EX603\GuildManager.obj
         Release\DataServer_EX603\GuildMatching.obj
         Release\DataServer_EX603\Helper.obj
         Release\DataServer_EX603\Log.obj
         Release\DataServer_EX603\LuckyCoin.obj
         Release\DataServer_EX603\LuckyItem.obj
         Release\DataServer_EX603\MasterSkillTree.obj
         Release\DataServer_EX603\MemScript.obj
         Release\DataServer_EX603\MiniDump.obj
         Release\DataServer_EX603\MuRummy.obj
         Release\DataServer_EX603\MuunSystem.obj
         Release\DataServer_EX603\NewUIMyInventory.obj
         Release\DataServer_EX603\NpcTalk.obj
         Release\DataServer_EX603\PartyMatching.obj
         Release\DataServer_EX603\PcPoint.obj
         Release\DataServer_EX603\PentagramSystem.obj
         Release\DataServer_EX603\PersonalShop.obj
         Release\DataServer_EX603\Protect.obj
         Release\DataServer_EX603\QueryManager.obj
         Release\DataServer_EX603\Quest.obj
         Release\DataServer_EX603\QuestWorld.obj
         Release\DataServer_EX603\Queue.obj
         Release\DataServer_EX603\ReiDoMU.obj
         Release\DataServer_EX603\ServerDisplayer.obj
         Release\DataServer_EX603\ServerManager.obj
         Release\DataServer_EX603\SocketManager.obj
         Release\DataServer_EX603\stdafx.obj
         Release\DataServer_EX603\Util.obj
         Release\DataServer_EX603\Warehouse.obj
         Generating code
         Finished generating code
         DataServer.vcxproj -> G:\source mu\Source\DataServer_UP15\DataServer\..\..\..\MuServer\2.DataServer\DataServer.exe
       Manifest:
         C:\Program Files (x86)\Microsoft SDKs\Windows\v7.0A\bin\mt.exe /nologo /verbose /outputresource:"..\..\..\MuServer\2.DataServer\DataServer.exe;#1" /manifest Release\DataServer_EX603\DataServer.exe.intermediate.manifest
       FinalizeBuildStatus:
         Deleting file "Release\DataServer_EX603\DataServer.unsuccessfulbuild".
         Touching "Release\DataServer_EX603\DataServer.lastbuildstate".
     1>Done Building Project "G:\source mu\Source\DataServer_UP15\DataServer\DataServer.vcxproj" (build target(s)).

Build succeeded.

Time Elapsed 00:00:05.66
