..\..\..\MuServer\4.Sub-1\GameServer\GameServer.pdb
D:\FULL SERVER MUONLINE\SERVER MU CUSTOM MOI NHAT\MUSERVER\4.SUB-1\GAMESERVER\GAMESERVER.EXE
D:\FULL SERVER MUONLINE\SERVER MU CUSTOM MOI NHAT\MUSERVER\4.SUB-1\GAMESERVER\GAMESERVER.EXE.MANIFEST
D:\FULL SERVER MUONLINE\SERVER MU CUSTOM MOI NHAT\MUSERVER\4.SUB-1\GAMESERVER\GAMESERVER.PDB
D:\FULL SERVER MUONLINE\SERVER MU CUSTOM MOI NHAT\SOURCE\GAMESERVER_UP15\GAMESERVER\RELEASE\GAMESERVER_EX603\380ITEMOPTION.OBJ
D:\FULL SERVER MUONLINE\SERVER MU CUSTOM MOI NHAT\SOURCE\GAMESERVER_UP15\GAMESERVER\RELEASE\GAMESERVER_EX603\380ITEMTYPE.OBJ
D:\FULL SERVER MUONLINE\SERVER MU CUSTOM MOI NHAT\SOURCE\GAMESERVER_UP15\GAMESERVER\RELEASE\GAMESERVER_EX603\ACTIVEINVASIONS.OBJ
D:\FULL SERVER MUONLINE\SERVER MU CUSTOM MOI NHAT\SOURCE\GAMESERVER_UP15\GAMESERVER\RELEASE\GAMESERVER_EX603\ARCABATTLE.OBJ
D:\FULL SERVER MUONLINE\SERVER MU CUSTOM MOI NHAT\SOURCE\GAMESERVER_UP15\GAMESERVER\RELEASE\GAMESERVER_EX603\ATTACK.OBJ
D:\FULL SERVER MUONLINE\SERVER MU CUSTOM MOI NHAT\SOURCE\GAMESERVER_UP15\GAMESERVER\RELEASE\GAMESERVER_EX603\B_MOCNAP.OBJ
D:\FULL SERVER MUONLINE\SERVER MU CUSTOM MOI NHAT\SOURCE\GAMESERVER_UP15\GAMESERVER\RELEASE\GAMESERVER_EX603\BANTIHACK.OBJ
D:\FULL SERVER MUONLINE\SERVER MU CUSTOM MOI NHAT\SOURCE\GAMESERVER_UP15\GAMESERVER\RELEASE\GAMESERVER_EX603\BATTLEGROUND.OBJ
D:\FULL SERVER MUONLINE\SERVER MU CUSTOM MOI NHAT\SOURCE\GAMESERVER_UP15\GAMESERVER\RELEASE\GAMESERVER_EX603\BATTLEROYALE.OBJ
D:\FULL SERVER MUONLINE\SERVER MU CUSTOM MOI NHAT\SOURCE\GAMESERVER_UP15\GAMESERVER\RELEASE\GAMESERVER_EX603\BATTLESOCCER.OBJ
D:\FULL SERVER MUONLINE\SERVER MU CUSTOM MOI NHAT\SOURCE\GAMESERVER_UP15\GAMESERVER\RELEASE\GAMESERVER_EX603\BATTLESOCCERMANAGER.OBJ
D:\FULL SERVER MUONLINE\SERVER MU CUSTOM MOI NHAT\SOURCE\GAMESERVER_UP15\GAMESERVER\RELEASE\GAMESERVER_EX603\BCUSTOMEDIT.OBJ
D:\FULL SERVER MUONLINE\SERVER MU CUSTOM MOI NHAT\SOURCE\GAMESERVER_UP15\GAMESERVER\RELEASE\GAMESERVER_EX603\BCUSTOMITEMBANK.OBJ
D:\FULL SERVER MUONLINE\SERVER MU CUSTOM MOI NHAT\SOURCE\GAMESERVER_UP15\GAMESERVER\RELEASE\GAMESERVER_EX603\BCUSTOMSKINMODEL.OBJ
D:\FULL SERVER MUONLINE\SERVER MU CUSTOM MOI NHAT\SOURCE\GAMESERVER_UP15\GAMESERVER\RELEASE\GAMESERVER_EX603\BDUNGLUYENITEM.OBJ
D:\FULL SERVER MUONLINE\SERVER MU CUSTOM MOI NHAT\SOURCE\GAMESERVER_UP15\GAMESERVER\RELEASE\GAMESERVER_EX603\BEVENTTHANMA.OBJ
D:\FULL SERVER MUONLINE\SERVER MU CUSTOM MOI NHAT\SOURCE\GAMESERVER_UP15\GAMESERVER\RELEASE\GAMESERVER_EX603\BHONHOAN.OBJ
D:\FULL SERVER MUONLINE\SERVER MU CUSTOM MOI NHAT\SOURCE\GAMESERVER_UP15\GAMESERVER\RELEASE\GAMESERVER_EX603\BLOODCASTLE.OBJ
D:\FULL SERVER MUONLINE\SERVER MU CUSTOM MOI NHAT\SOURCE\GAMESERVER_UP15\GAMESERVER\RELEASE\GAMESERVER_EX603\BONUSMANAGER.OBJ
D:\FULL SERVER MUONLINE\SERVER MU CUSTOM MOI NHAT\SOURCE\GAMESERVER_UP15\GAMESERVER\RELEASE\GAMESERVER_EX603\BOTALCHEMIST.OBJ
D:\FULL SERVER MUONLINE\SERVER MU CUSTOM MOI NHAT\SOURCE\GAMESERVER_UP15\GAMESERVER\RELEASE\GAMESERVER_EX603\BOTBUFFER.OBJ
D:\FULL SERVER MUONLINE\SERVER MU CUSTOM MOI NHAT\SOURCE\GAMESERVER_UP15\GAMESERVER\RELEASE\GAMESERVER_EX603\BOTONLINE.OBJ
D:\FULL SERVER MUONLINE\SERVER MU CUSTOM MOI NHAT\SOURCE\GAMESERVER_UP15\GAMESERVER\RELEASE\GAMESERVER_EX603\BOTSTORE.OBJ
D:\FULL SERVER MUONLINE\SERVER MU CUSTOM MOI NHAT\SOURCE\GAMESERVER_UP15\GAMESERVER\RELEASE\GAMESERVER_EX603\BOTTRADE.OBJ
D:\FULL SERVER MUONLINE\SERVER MU CUSTOM MOI NHAT\SOURCE\GAMESERVER_UP15\GAMESERVER\RELEASE\GAMESERVER_EX603\CANNONTOWER.OBJ
D:\FULL SERVER MUONLINE\SERVER MU CUSTOM MOI NHAT\SOURCE\GAMESERVER_UP15\GAMESERVER\RELEASE\GAMESERVER_EX603\CASHSHOP.OBJ
D:\FULL SERVER MUONLINE\SERVER MU CUSTOM MOI NHAT\SOURCE\GAMESERVER_UP15\GAMESERVER\RELEASE\GAMESERVER_EX603\CASTLEDEEP.OBJ
D:\FULL SERVER MUONLINE\SERVER MU CUSTOM MOI NHAT\SOURCE\GAMESERVER_UP15\GAMESERVER\RELEASE\GAMESERVER_EX603\CASTLESIEGE.OBJ
D:\FULL SERVER MUONLINE\SERVER MU CUSTOM MOI NHAT\SOURCE\GAMESERVER_UP15\GAMESERVER\RELEASE\GAMESERVER_EX603\CASTLESIEGECROWN.OBJ
D:\FULL SERVER MUONLINE\SERVER MU CUSTOM MOI NHAT\SOURCE\GAMESERVER_UP15\GAMESERVER\RELEASE\GAMESERVER_EX603\CASTLESIEGECROWNSWITCH.OBJ
D:\FULL SERVER MUONLINE\SERVER MU CUSTOM MOI NHAT\SOURCE\GAMESERVER_UP15\GAMESERVER\RELEASE\GAMESERVER_EX603\CASTLESIEGESYNC.OBJ
D:\FULL SERVER MUONLINE\SERVER MU CUSTOM MOI NHAT\SOURCE\GAMESERVER_UP15\GAMESERVER\RELEASE\GAMESERVER_EX603\CASTLESIEGEWEAPON.OBJ
D:\FULL SERVER MUONLINE\SERVER MU CUSTOM MOI NHAT\SOURCE\GAMESERVER_UP15\GAMESERVER\RELEASE\GAMESERVER_EX603\CBCONGHUONG.OBJ
D:\FULL SERVER MUONLINE\SERVER MU CUSTOM MOI NHAT\SOURCE\GAMESERVER_UP15\GAMESERVER\RELEASE\GAMESERVER_EX603\CCRC32.OBJ
D:\FULL SERVER MUONLINE\SERVER MU CUSTOM MOI NHAT\SOURCE\GAMESERVER_UP15\GAMESERVER\RELEASE\GAMESERVER_EX603\CHAOSBOX.OBJ
D:\FULL SERVER MUONLINE\SERVER MU CUSTOM MOI NHAT\SOURCE\GAMESERVER_UP15\GAMESERVER\RELEASE\GAMESERVER_EX603\CHAOSCASTLE.OBJ
D:\FULL SERVER MUONLINE\SERVER MU CUSTOM MOI NHAT\SOURCE\GAMESERVER_UP15\GAMESERVER\RELEASE\GAMESERVER_EX603\CHIENTRUONGCO.OBJ
D:\FULL SERVER MUONLINE\SERVER MU CUSTOM MOI NHAT\SOURCE\GAMESERVER_UP15\GAMESERVER\RELEASE\GAMESERVER_EX603\COMBOSKILL.OBJ
D:\FULL SERVER MUONLINE\SERVER MU CUSTOM MOI NHAT\SOURCE\GAMESERVER_UP15\GAMESERVER\RELEASE\GAMESERVER_EX603\COMMAND.OBJ
D:\FULL SERVER MUONLINE\SERVER MU CUSTOM MOI NHAT\SOURCE\GAMESERVER_UP15\GAMESERVER\RELEASE\GAMESERVER_EX603\COMMANDMANAGER.OBJ
D:\FULL SERVER MUONLINE\SERVER MU CUSTOM MOI NHAT\SOURCE\GAMESERVER_UP15\GAMESERVER\RELEASE\GAMESERVER_EX603\CONNECTION.OBJ
D:\FULL SERVER MUONLINE\SERVER MU CUSTOM MOI NHAT\SOURCE\GAMESERVER_UP15\GAMESERVER\RELEASE\GAMESERVER_EX603\CRITICALSECTION.OBJ
D:\FULL SERVER MUONLINE\SERVER MU CUSTOM MOI NHAT\SOURCE\GAMESERVER_UP15\GAMESERVER\RELEASE\GAMESERVER_EX603\CRYWOLF.OBJ
D:\FULL SERVER MUONLINE\SERVER MU CUSTOM MOI NHAT\SOURCE\GAMESERVER_UP15\GAMESERVER\RELEASE\GAMESERVER_EX603\CRYWOLFALTAR.OBJ
D:\FULL SERVER MUONLINE\SERVER MU CUSTOM MOI NHAT\SOURCE\GAMESERVER_UP15\GAMESERVER\RELEASE\GAMESERVER_EX603\CRYWOLFOBJINFO.OBJ
D:\FULL SERVER MUONLINE\SERVER MU CUSTOM MOI NHAT\SOURCE\GAMESERVER_UP15\GAMESERVER\RELEASE\GAMESERVER_EX603\CRYWOLFSTATETIMEINFO.OBJ
D:\FULL SERVER MUONLINE\SERVER MU CUSTOM MOI NHAT\SOURCE\GAMESERVER_UP15\GAMESERVER\RELEASE\GAMESERVER_EX603\CRYWOLFSTATUE.OBJ
D:\FULL SERVER MUONLINE\SERVER MU CUSTOM MOI NHAT\SOURCE\GAMESERVER_UP15\GAMESERVER\RELEASE\GAMESERVER_EX603\CRYWOLFSYNC.OBJ
D:\FULL SERVER MUONLINE\SERVER MU CUSTOM MOI NHAT\SOURCE\GAMESERVER_UP15\GAMESERVER\RELEASE\GAMESERVER_EX603\CRYWOLFUTIL.OBJ
D:\FULL SERVER MUONLINE\SERVER MU CUSTOM MOI NHAT\SOURCE\GAMESERVER_UP15\GAMESERVER\RELEASE\GAMESERVER_EX603\CSPROTOCOL.OBJ
D:\FULL SERVER MUONLINE\SERVER MU CUSTOM MOI NHAT\SOURCE\GAMESERVER_UP15\GAMESERVER\RELEASE\GAMESERVER_EX603\CTCMINI.OBJ
D:\FULL SERVER MUONLINE\SERVER MU CUSTOM MOI NHAT\SOURCE\GAMESERVER_UP15\GAMESERVER\RELEASE\GAMESERVER_EX603\CUSTOMARENA.OBJ
D:\FULL SERVER MUONLINE\SERVER MU CUSTOM MOI NHAT\SOURCE\GAMESERVER_UP15\GAMESERVER\RELEASE\GAMESERVER_EX603\CUSTOMATTACK.OBJ
D:\FULL SERVER MUONLINE\SERVER MU CUSTOM MOI NHAT\SOURCE\GAMESERVER_UP15\GAMESERVER\RELEASE\GAMESERVER_EX603\CUSTOMBUYVIP.OBJ
D:\FULL SERVER MUONLINE\SERVER MU CUSTOM MOI NHAT\SOURCE\GAMESERVER_UP15\GAMESERVER\RELEASE\GAMESERVER_EX603\CUSTOMCOMBO.OBJ
D:\FULL SERVER MUONLINE\SERVER MU CUSTOM MOI NHAT\SOURCE\GAMESERVER_UP15\GAMESERVER\RELEASE\GAMESERVER_EX603\CUSTOMCOMMANDDESCRIPTION.OBJ
D:\FULL SERVER MUONLINE\SERVER MU CUSTOM MOI NHAT\SOURCE\GAMESERVER_UP15\GAMESERVER\RELEASE\GAMESERVER_EX603\CUSTOMDEATHMESSAGE.OBJ
D:\FULL SERVER MUONLINE\SERVER MU CUSTOM MOI NHAT\SOURCE\GAMESERVER_UP15\GAMESERVER\RELEASE\GAMESERVER_EX603\CUSTOMEVENTDROP.OBJ
D:\FULL SERVER MUONLINE\SERVER MU CUSTOM MOI NHAT\SOURCE\GAMESERVER_UP15\GAMESERVER\RELEASE\GAMESERVER_EX603\CUSTOMEVENTTIME.OBJ
D:\FULL SERVER MUONLINE\SERVER MU CUSTOM MOI NHAT\SOURCE\GAMESERVER_UP15\GAMESERVER\RELEASE\GAMESERVER_EX603\CUSTOMGHRS.OBJ
D:\FULL SERVER MUONLINE\SERVER MU CUSTOM MOI NHAT\SOURCE\GAMESERVER_UP15\GAMESERVER\RELEASE\GAMESERVER_EX603\CUSTOMJEWEL.OBJ
D:\FULL SERVER MUONLINE\SERVER MU CUSTOM MOI NHAT\SOURCE\GAMESERVER_UP15\GAMESERVER\RELEASE\GAMESERVER_EX603\CUSTOMMIX.OBJ
D:\FULL SERVER MUONLINE\SERVER MU CUSTOM MOI NHAT\SOURCE\GAMESERVER_UP15\GAMESERVER\RELEASE\GAMESERVER_EX603\CUSTOMMONSTER.OBJ
D:\FULL SERVER MUONLINE\SERVER MU CUSTOM MOI NHAT\SOURCE\GAMESERVER_UP15\GAMESERVER\RELEASE\GAMESERVER_EX603\CUSTOMMONSTERSKILL.OBJ
D:\FULL SERVER MUONLINE\SERVER MU CUSTOM MOI NHAT\SOURCE\GAMESERVER_UP15\GAMESERVER\RELEASE\GAMESERVER_EX603\CUSTOMMOVE.OBJ
D:\FULL SERVER MUONLINE\SERVER MU CUSTOM MOI NHAT\SOURCE\GAMESERVER_UP15\GAMESERVER\RELEASE\GAMESERVER_EX603\CUSTOMMOVEEVENT.OBJ
D:\FULL SERVER MUONLINE\SERVER MU CUSTOM MOI NHAT\SOURCE\GAMESERVER_UP15\GAMESERVER\RELEASE\GAMESERVER_EX603\CUSTOMNPCCOLLECTOR.OBJ
D:\FULL SERVER MUONLINE\SERVER MU CUSTOM MOI NHAT\SOURCE\GAMESERVER_UP15\GAMESERVER\RELEASE\GAMESERVER_EX603\CUSTOMNPCCOMMAND.OBJ
D:\FULL SERVER MUONLINE\SERVER MU CUSTOM MOI NHAT\SOURCE\GAMESERVER_UP15\GAMESERVER\RELEASE\GAMESERVER_EX603\CUSTOMNPCMOVE.OBJ
D:\FULL SERVER MUONLINE\SERVER MU CUSTOM MOI NHAT\SOURCE\GAMESERVER_UP15\GAMESERVER\RELEASE\GAMESERVER_EX603\CUSTOMNPCQUEST.OBJ
D:\FULL SERVER MUONLINE\SERVER MU CUSTOM MOI NHAT\SOURCE\GAMESERVER_UP15\GAMESERVER\RELEASE\GAMESERVER_EX603\CUSTOMOFFLINEMODE.OBJ
D:\FULL SERVER MUONLINE\SERVER MU CUSTOM MOI NHAT\SOURCE\GAMESERVER_UP15\GAMESERVER\RELEASE\GAMESERVER_EX603\CUSTOMONLINELOTTERY.OBJ
D:\FULL SERVER MUONLINE\SERVER MU CUSTOM MOI NHAT\SOURCE\GAMESERVER_UP15\GAMESERVER\RELEASE\GAMESERVER_EX603\CUSTOMPET.OBJ
D:\FULL SERVER MUONLINE\SERVER MU CUSTOM MOI NHAT\SOURCE\GAMESERVER_UP15\GAMESERVER\RELEASE\GAMESERVER_EX603\CUSTOMPICK.OBJ
D:\FULL SERVER MUONLINE\SERVER MU CUSTOM MOI NHAT\SOURCE\GAMESERVER_UP15\GAMESERVER\RELEASE\GAMESERVER_EX603\CUSTOMPKFREE.OBJ
D:\FULL SERVER MUONLINE\SERVER MU CUSTOM MOI NHAT\SOURCE\GAMESERVER_UP15\GAMESERVER\RELEASE\GAMESERVER_EX603\CUSTOMQUEST.OBJ
D:\FULL SERVER MUONLINE\SERVER MU CUSTOM MOI NHAT\SOURCE\GAMESERVER_UP15\GAMESERVER\RELEASE\GAMESERVER_EX603\CUSTOMQUIZ.OBJ
D:\FULL SERVER MUONLINE\SERVER MU CUSTOM MOI NHAT\SOURCE\GAMESERVER_UP15\GAMESERVER\RELEASE\GAMESERVER_EX603\CUSTOMRANKING.OBJ
D:\FULL SERVER MUONLINE\SERVER MU CUSTOM MOI NHAT\SOURCE\GAMESERVER_UP15\GAMESERVER\RELEASE\GAMESERVER_EX603\CUSTOMRANKUSER.OBJ
D:\FULL SERVER MUONLINE\SERVER MU CUSTOM MOI NHAT\SOURCE\GAMESERVER_UP15\GAMESERVER\RELEASE\GAMESERVER_EX603\CUSTOMSTARTITEM.OBJ
D:\FULL SERVER MUONLINE\SERVER MU CUSTOM MOI NHAT\SOURCE\GAMESERVER_UP15\GAMESERVER\RELEASE\GAMESERVER_EX603\CUSTOMSTARTITEMDAME.OBJ
D:\FULL SERVER MUONLINE\SERVER MU CUSTOM MOI NHAT\SOURCE\GAMESERVER_UP15\GAMESERVER\RELEASE\GAMESERVER_EX603\CUSTOMSTARTSETITEMDAME.OBJ
D:\FULL SERVER MUONLINE\SERVER MU CUSTOM MOI NHAT\SOURCE\GAMESERVER_UP15\GAMESERVER\RELEASE\GAMESERVER_EX603\CUSTOMSTORE.OBJ
D:\FULL SERVER MUONLINE\SERVER MU CUSTOM MOI NHAT\SOURCE\GAMESERVER_UP15\GAMESERVER\RELEASE\GAMESERVER_EX603\CUSTOMTOP.OBJ
D:\FULL SERVER MUONLINE\SERVER MU CUSTOM MOI NHAT\SOURCE\GAMESERVER_UP15\GAMESERVER\RELEASE\GAMESERVER_EX603\CUSTOMVONGQUAY.OBJ
D:\FULL SERVER MUONLINE\SERVER MU CUSTOM MOI NHAT\SOURCE\GAMESERVER_UP15\GAMESERVER\RELEASE\GAMESERVER_EX603\CUSTOMWING.OBJ
D:\FULL SERVER MUONLINE\SERVER MU CUSTOM MOI NHAT\SOURCE\GAMESERVER_UP15\GAMESERVER\RELEASE\GAMESERVER_EX603\CUSTOMWINGMIX.OBJ
D:\FULL SERVER MUONLINE\SERVER MU CUSTOM MOI NHAT\SOURCE\GAMESERVER_UP15\GAMESERVER\RELEASE\GAMESERVER_EX603\DANHHIEU.OBJ
D:\FULL SERVER MUONLINE\SERVER MU CUSTOM MOI NHAT\SOURCE\GAMESERVER_UP15\GAMESERVER\RELEASE\GAMESERVER_EX603\DARKSPIRIT.OBJ
D:\FULL SERVER MUONLINE\SERVER MU CUSTOM MOI NHAT\SOURCE\GAMESERVER_UP15\GAMESERVER\RELEASE\GAMESERVER_EX603\DEFAULTCLASSINFO.OBJ
D:\FULL SERVER MUONLINE\SERVER MU CUSTOM MOI NHAT\SOURCE\GAMESERVER_UP15\GAMESERVER\RELEASE\GAMESERVER_EX603\DEVILSQUARE.OBJ
D:\FULL SERVER MUONLINE\SERVER MU CUSTOM MOI NHAT\SOURCE\GAMESERVER_UP15\GAMESERVER\RELEASE\GAMESERVER_EX603\DOUBLEGOER.OBJ
D:\FULL SERVER MUONLINE\SERVER MU CUSTOM MOI NHAT\SOURCE\GAMESERVER_UP15\GAMESERVER\RELEASE\GAMESERVER_EX603\DROPREWARD.OBJ
D:\FULL SERVER MUONLINE\SERVER MU CUSTOM MOI NHAT\SOURCE\GAMESERVER_UP15\GAMESERVER\RELEASE\GAMESERVER_EX603\DSPROTOCOL.OBJ
D:\FULL SERVER MUONLINE\SERVER MU CUSTOM MOI NHAT\SOURCE\GAMESERVER_UP15\GAMESERVER\RELEASE\GAMESERVER_EX603\DUCTUONG.OBJ
D:\FULL SERVER MUONLINE\SERVER MU CUSTOM MOI NHAT\SOURCE\GAMESERVER_UP15\GAMESERVER\RELEASE\GAMESERVER_EX603\DUEL.OBJ
D:\FULL SERVER MUONLINE\SERVER MU CUSTOM MOI NHAT\SOURCE\GAMESERVER_UP15\GAMESERVER\RELEASE\GAMESERVER_EX603\EFFECT.OBJ
D:\FULL SERVER MUONLINE\SERVER MU CUSTOM MOI NHAT\SOURCE\GAMESERVER_UP15\GAMESERVER\RELEASE\GAMESERVER_EX603\EFFECTMANAGER.OBJ
D:\FULL SERVER MUONLINE\SERVER MU CUSTOM MOI NHAT\SOURCE\GAMESERVER_UP15\GAMESERVER\RELEASE\GAMESERVER_EX603\ESPROTOCOL.OBJ
D:\FULL SERVER MUONLINE\SERVER MU CUSTOM MOI NHAT\SOURCE\GAMESERVER_UP15\GAMESERVER\RELEASE\GAMESERVER_EX603\EVENTHIDEANDSEEK.OBJ
D:\FULL SERVER MUONLINE\SERVER MU CUSTOM MOI NHAT\SOURCE\GAMESERVER_UP15\GAMESERVER\RELEASE\GAMESERVER_EX603\EVENTINVENTORY.OBJ
D:\FULL SERVER MUONLINE\SERVER MU CUSTOM MOI NHAT\SOURCE\GAMESERVER_UP15\GAMESERVER\RELEASE\GAMESERVER_EX603\EVENTKILLALL.OBJ
D:\FULL SERVER MUONLINE\SERVER MU CUSTOM MOI NHAT\SOURCE\GAMESERVER_UP15\GAMESERVER\RELEASE\GAMESERVER_EX603\EVENTPVP.OBJ
D:\FULL SERVER MUONLINE\SERVER MU CUSTOM MOI NHAT\SOURCE\GAMESERVER_UP15\GAMESERVER\RELEASE\GAMESERVER_EX603\EVENTQUICKLY.OBJ
D:\FULL SERVER MUONLINE\SERVER MU CUSTOM MOI NHAT\SOURCE\GAMESERVER_UP15\GAMESERVER\RELEASE\GAMESERVER_EX603\EVENTRUNANDCATCH.OBJ
D:\FULL SERVER MUONLINE\SERVER MU CUSTOM MOI NHAT\SOURCE\GAMESERVER_UP15\GAMESERVER\RELEASE\GAMESERVER_EX603\EVENTRUSSIANROULETTE.OBJ
D:\FULL SERVER MUONLINE\SERVER MU CUSTOM MOI NHAT\SOURCE\GAMESERVER_UP15\GAMESERVER\RELEASE\GAMESERVER_EX603\EVENTSTART.OBJ
D:\FULL SERVER MUONLINE\SERVER MU CUSTOM MOI NHAT\SOURCE\GAMESERVER_UP15\GAMESERVER\RELEASE\GAMESERVER_EX603\EVENTTVT.OBJ
D:\FULL SERVER MUONLINE\SERVER MU CUSTOM MOI NHAT\SOURCE\GAMESERVER_UP15\GAMESERVER\RELEASE\GAMESERVER_EX603\EXPERIENCETABLE.OBJ
D:\FULL SERVER MUONLINE\SERVER MU CUSTOM MOI NHAT\SOURCE\GAMESERVER_UP15\GAMESERVER\RELEASE\GAMESERVER_EX603\FAKEONLINE.OBJ
D:\FULL SERVER MUONLINE\SERVER MU CUSTOM MOI NHAT\SOURCE\GAMESERVER_UP15\GAMESERVER\RELEASE\GAMESERVER_EX603\FILTER.OBJ
D:\FULL SERVER MUONLINE\SERVER MU CUSTOM MOI NHAT\SOURCE\GAMESERVER_UP15\GAMESERVER\RELEASE\GAMESERVER_EX603\FILTERRANAME.OBJ
D:\FULL SERVER MUONLINE\SERVER MU CUSTOM MOI NHAT\SOURCE\GAMESERVER_UP15\GAMESERVER\RELEASE\GAMESERVER_EX603\FLYINGDRAGONS.OBJ
D:\FULL SERVER MUONLINE\SERVER MU CUSTOM MOI NHAT\SOURCE\GAMESERVER_UP15\GAMESERVER\RELEASE\GAMESERVER_EX603\FRUIT.OBJ
D:\FULL SERVER MUONLINE\SERVER MU CUSTOM MOI NHAT\SOURCE\GAMESERVER_UP15\GAMESERVER\RELEASE\GAMESERVER_EX603\GAMEMAIN.OBJ
D:\FULL SERVER MUONLINE\SERVER MU CUSTOM MOI NHAT\SOURCE\GAMESERVER_UP15\GAMESERVER\RELEASE\GAMESERVER_EX603\GAMEMASTER.OBJ
D:\FULL SERVER MUONLINE\SERVER MU CUSTOM MOI NHAT\SOURCE\GAMESERVER_UP15\GAMESERVER\RELEASE\GAMESERVER_EX603\GAMESERVER.EXE.INTERMEDIATE.MANIFEST
D:\FULL SERVER MUONLINE\SERVER MU CUSTOM MOI NHAT\SOURCE\GAMESERVER_UP15\GAMESERVER\RELEASE\GAMESERVER_EX603\GAMESERVER.OBJ
D:\FULL SERVER MUONLINE\SERVER MU CUSTOM MOI NHAT\SOURCE\GAMESERVER_UP15\GAMESERVER\RELEASE\GAMESERVER_EX603\GAMESERVER.PCH
D:\FULL SERVER MUONLINE\SERVER MU CUSTOM MOI NHAT\SOURCE\GAMESERVER_UP15\GAMESERVER\RELEASE\GAMESERVER_EX603\GAMESERVER.RES
D:\FULL SERVER MUONLINE\SERVER MU CUSTOM MOI NHAT\SOURCE\GAMESERVER_UP15\GAMESERVER\RELEASE\GAMESERVER_EX603\GATE.OBJ
D:\FULL SERVER MUONLINE\SERVER MU CUSTOM MOI NHAT\SOURCE\GAMESERVER_UP15\GAMESERVER\RELEASE\GAMESERVER_EX603\GENSSYSTEM.OBJ
D:\FULL SERVER MUONLINE\SERVER MU CUSTOM MOI NHAT\SOURCE\GAMESERVER_UP15\GAMESERVER\RELEASE\GAMESERVER_EX603\GUARDIANSTATUE.OBJ
D:\FULL SERVER MUONLINE\SERVER MU CUSTOM MOI NHAT\SOURCE\GAMESERVER_UP15\GAMESERVER\RELEASE\GAMESERVER_EX603\GUILD.OBJ
D:\FULL SERVER MUONLINE\SERVER MU CUSTOM MOI NHAT\SOURCE\GAMESERVER_UP15\GAMESERVER\RELEASE\GAMESERVER_EX603\GUILDCLASS.OBJ
D:\FULL SERVER MUONLINE\SERVER MU CUSTOM MOI NHAT\SOURCE\GAMESERVER_UP15\GAMESERVER\RELEASE\GAMESERVER_EX603\GUILDMATCHING.OBJ
D:\FULL SERVER MUONLINE\SERVER MU CUSTOM MOI NHAT\SOURCE\GAMESERVER_UP15\GAMESERVER\RELEASE\GAMESERVER_EX603\GUILDUPGRADE.OBJ
D:\FULL SERVER MUONLINE\SERVER MU CUSTOM MOI NHAT\SOURCE\GAMESERVER_UP15\GAMESERVER\RELEASE\GAMESERVER_EX603\HACKCHECK.OBJ
D:\FULL SERVER MUONLINE\SERVER MU CUSTOM MOI NHAT\SOURCE\GAMESERVER_UP15\GAMESERVER\RELEASE\GAMESERVER_EX603\HACKPACKETCHECK.OBJ
D:\FULL SERVER MUONLINE\SERVER MU CUSTOM MOI NHAT\SOURCE\GAMESERVER_UP15\GAMESERVER\RELEASE\GAMESERVER_EX603\HACKSKILLCHECK.OBJ
D:\FULL SERVER MUONLINE\SERVER MU CUSTOM MOI NHAT\SOURCE\GAMESERVER_UP15\GAMESERVER\RELEASE\GAMESERVER_EX603\HACKXDAMECHECK.OBJ
D:\FULL SERVER MUONLINE\SERVER MU CUSTOM MOI NHAT\SOURCE\GAMESERVER_UP15\GAMESERVER\RELEASE\GAMESERVER_EX603\HELPER.OBJ
D:\FULL SERVER MUONLINE\SERVER MU CUSTOM MOI NHAT\SOURCE\GAMESERVER_UP15\GAMESERVER\RELEASE\GAMESERVER_EX603\HUYHIEU.OBJ
D:\FULL SERVER MUONLINE\SERVER MU CUSTOM MOI NHAT\SOURCE\GAMESERVER_UP15\GAMESERVER\RELEASE\GAMESERVER_EX603\HWIDMANAGER.OBJ
D:\FULL SERVER MUONLINE\SERVER MU CUSTOM MOI NHAT\SOURCE\GAMESERVER_UP15\GAMESERVER\RELEASE\GAMESERVER_EX603\ILLUSIONTEMPLE.OBJ
D:\FULL SERVER MUONLINE\SERVER MU CUSTOM MOI NHAT\SOURCE\GAMESERVER_UP15\GAMESERVER\RELEASE\GAMESERVER_EX603\IMPERIALGUARDIAN.OBJ
D:\FULL SERVER MUONLINE\SERVER MU CUSTOM MOI NHAT\SOURCE\GAMESERVER_UP15\GAMESERVER\RELEASE\GAMESERVER_EX603\INVASIONMANAGER.OBJ
D:\FULL SERVER MUONLINE\SERVER MU CUSTOM MOI NHAT\SOURCE\GAMESERVER_UP15\GAMESERVER\RELEASE\GAMESERVER_EX603\INVENTORYEQUIPMENT.OBJ
D:\FULL SERVER MUONLINE\SERVER MU CUSTOM MOI NHAT\SOURCE\GAMESERVER_UP15\GAMESERVER\RELEASE\GAMESERVER_EX603\IPMANAGER.OBJ
D:\FULL SERVER MUONLINE\SERVER MU CUSTOM MOI NHAT\SOURCE\GAMESERVER_UP15\GAMESERVER\RELEASE\GAMESERVER_EX603\ITEM.OBJ
D:\FULL SERVER MUONLINE\SERVER MU CUSTOM MOI NHAT\SOURCE\GAMESERVER_UP15\GAMESERVER\RELEASE\GAMESERVER_EX603\ITEMBAG.OBJ
D:\FULL SERVER MUONLINE\SERVER MU CUSTOM MOI NHAT\SOURCE\GAMESERVER_UP15\GAMESERVER\RELEASE\GAMESERVER_EX603\ITEMBAGEX.OBJ
D:\FULL SERVER MUONLINE\SERVER MU CUSTOM MOI NHAT\SOURCE\GAMESERVER_UP15\GAMESERVER\RELEASE\GAMESERVER_EX603\ITEMBAGMANAGER.OBJ
D:\FULL SERVER MUONLINE\SERVER MU CUSTOM MOI NHAT\SOURCE\GAMESERVER_UP15\GAMESERVER\RELEASE\GAMESERVER_EX603\ITEMDROP.OBJ
D:\FULL SERVER MUONLINE\SERVER MU CUSTOM MOI NHAT\SOURCE\GAMESERVER_UP15\GAMESERVER\RELEASE\GAMESERVER_EX603\ITEMLEVEL.OBJ
D:\FULL SERVER MUONLINE\SERVER MU CUSTOM MOI NHAT\SOURCE\GAMESERVER_UP15\GAMESERVER\RELEASE\GAMESERVER_EX603\ITEMMANAGER.OBJ
D:\FULL SERVER MUONLINE\SERVER MU CUSTOM MOI NHAT\SOURCE\GAMESERVER_UP15\GAMESERVER\RELEASE\GAMESERVER_EX603\ITEMMOVE.OBJ
D:\FULL SERVER MUONLINE\SERVER MU CUSTOM MOI NHAT\SOURCE\GAMESERVER_UP15\GAMESERVER\RELEASE\GAMESERVER_EX603\ITEMOPTION.OBJ
D:\FULL SERVER MUONLINE\SERVER MU CUSTOM MOI NHAT\SOURCE\GAMESERVER_UP15\GAMESERVER\RELEASE\GAMESERVER_EX603\ITEMOPTIONRATE.OBJ
D:\FULL SERVER MUONLINE\SERVER MU CUSTOM MOI NHAT\SOURCE\GAMESERVER_UP15\GAMESERVER\RELEASE\GAMESERVER_EX603\ITEMSTACK.OBJ
D:\FULL SERVER MUONLINE\SERVER MU CUSTOM MOI NHAT\SOURCE\GAMESERVER_UP15\GAMESERVER\RELEASE\GAMESERVER_EX603\ITEMVALUE.OBJ
D:\FULL SERVER MUONLINE\SERVER MU CUSTOM MOI NHAT\SOURCE\GAMESERVER_UP15\GAMESERVER\RELEASE\GAMESERVER_EX603\ITEMVALUETRADE.OBJ
D:\FULL SERVER MUONLINE\SERVER MU CUSTOM MOI NHAT\SOURCE\GAMESERVER_UP15\GAMESERVER\RELEASE\GAMESERVER_EX603\JEWELMIX.OBJ
D:\FULL SERVER MUONLINE\SERVER MU CUSTOM MOI NHAT\SOURCE\GAMESERVER_UP15\GAMESERVER\RELEASE\GAMESERVER_EX603\JEWELOFHARMONYOPTION.OBJ
D:\FULL SERVER MUONLINE\SERVER MU CUSTOM MOI NHAT\SOURCE\GAMESERVER_UP15\GAMESERVER\RELEASE\GAMESERVER_EX603\JEWELOFHARMONYTYPE.OBJ
D:\FULL SERVER MUONLINE\SERVER MU CUSTOM MOI NHAT\SOURCE\GAMESERVER_UP15\GAMESERVER\RELEASE\GAMESERVER_EX603\JSPROTOCOL.OBJ
D:\FULL SERVER MUONLINE\SERVER MU CUSTOM MOI NHAT\SOURCE\GAMESERVER_UP15\GAMESERVER\RELEASE\GAMESERVER_EX603\KALIMA.OBJ
D:\FULL SERVER MUONLINE\SERVER MU CUSTOM MOI NHAT\SOURCE\GAMESERVER_UP15\GAMESERVER\RELEASE\GAMESERVER_EX603\KANTURU.OBJ
D:\FULL SERVER MUONLINE\SERVER MU CUSTOM MOI NHAT\SOURCE\GAMESERVER_UP15\GAMESERVER\RELEASE\GAMESERVER_EX603\KANTURUBATTLEOFMAYA.OBJ
D:\FULL SERVER MUONLINE\SERVER MU CUSTOM MOI NHAT\SOURCE\GAMESERVER_UP15\GAMESERVER\RELEASE\GAMESERVER_EX603\KANTURUBATTLEOFNIGHTMARE.OBJ
D:\FULL SERVER MUONLINE\SERVER MU CUSTOM MOI NHAT\SOURCE\GAMESERVER_UP15\GAMESERVER\RELEASE\GAMESERVER_EX603\KANTURUBATTLESTANBY.OBJ
D:\FULL SERVER MUONLINE\SERVER MU CUSTOM MOI NHAT\SOURCE\GAMESERVER_UP15\GAMESERVER\RELEASE\GAMESERVER_EX603\KANTURUBATTLEUSERMNG.OBJ
D:\FULL SERVER MUONLINE\SERVER MU CUSTOM MOI NHAT\SOURCE\GAMESERVER_UP15\GAMESERVER\RELEASE\GAMESERVER_EX603\KANTURUENTRANCENPC.OBJ
D:\FULL SERVER MUONLINE\SERVER MU CUSTOM MOI NHAT\SOURCE\GAMESERVER_UP15\GAMESERVER\RELEASE\GAMESERVER_EX603\KANTURUMAYA.OBJ
D:\FULL SERVER MUONLINE\SERVER MU CUSTOM MOI NHAT\SOURCE\GAMESERVER_UP15\GAMESERVER\RELEASE\GAMESERVER_EX603\KANTURUMONSTERMNG.OBJ
D:\FULL SERVER MUONLINE\SERVER MU CUSTOM MOI NHAT\SOURCE\GAMESERVER_UP15\GAMESERVER\RELEASE\GAMESERVER_EX603\KANTURUOBJINFO.OBJ
D:\FULL SERVER MUONLINE\SERVER MU CUSTOM MOI NHAT\SOURCE\GAMESERVER_UP15\GAMESERVER\RELEASE\GAMESERVER_EX603\KANTURUSTATEINFO.OBJ
D:\FULL SERVER MUONLINE\SERVER MU CUSTOM MOI NHAT\SOURCE\GAMESERVER_UP15\GAMESERVER\RELEASE\GAMESERVER_EX603\KANTURUTOWEROFREFINEMENT.OBJ
D:\FULL SERVER MUONLINE\SERVER MU CUSTOM MOI NHAT\SOURCE\GAMESERVER_UP15\GAMESERVER\RELEASE\GAMESERVER_EX603\KANTURUUTIL.OBJ
D:\FULL SERVER MUONLINE\SERVER MU CUSTOM MOI NHAT\SOURCE\GAMESERVER_UP15\GAMESERVER\RELEASE\GAMESERVER_EX603\LEE.OBJ
D:\FULL SERVER MUONLINE\SERVER MU CUSTOM MOI NHAT\SOURCE\GAMESERVER_UP15\GAMESERVER\RELEASE\GAMESERVER_EX603\LICENSE.OBJ
D:\FULL SERVER MUONLINE\SERVER MU CUSTOM MOI NHAT\SOURCE\GAMESERVER_UP15\GAMESERVER\RELEASE\GAMESERVER_EX603\LIFESTONE.OBJ
D:\FULL SERVER MUONLINE\SERVER MU CUSTOM MOI NHAT\SOURCE\GAMESERVER_UP15\GAMESERVER\RELEASE\GAMESERVER_EX603\LOG.OBJ
D:\FULL SERVER MUONLINE\SERVER MU CUSTOM MOI NHAT\SOURCE\GAMESERVER_UP15\GAMESERVER\RELEASE\GAMESERVER_EX603\LUCKYCOIN.OBJ
D:\FULL SERVER MUONLINE\SERVER MU CUSTOM MOI NHAT\SOURCE\GAMESERVER_UP15\GAMESERVER\RELEASE\GAMESERVER_EX603\LUCKYITEM.OBJ
D:\FULL SERVER MUONLINE\SERVER MU CUSTOM MOI NHAT\SOURCE\GAMESERVER_UP15\GAMESERVER\RELEASE\GAMESERVER_EX603\MAP.OBJ
D:\FULL SERVER MUONLINE\SERVER MU CUSTOM MOI NHAT\SOURCE\GAMESERVER_UP15\GAMESERVER\RELEASE\GAMESERVER_EX603\MAPITEM.OBJ
D:\FULL SERVER MUONLINE\SERVER MU CUSTOM MOI NHAT\SOURCE\GAMESERVER_UP15\GAMESERVER\RELEASE\GAMESERVER_EX603\MAPMANAGER.OBJ
D:\FULL SERVER MUONLINE\SERVER MU CUSTOM MOI NHAT\SOURCE\GAMESERVER_UP15\GAMESERVER\RELEASE\GAMESERVER_EX603\MAPPATH.OBJ
D:\FULL SERVER MUONLINE\SERVER MU CUSTOM MOI NHAT\SOURCE\GAMESERVER_UP15\GAMESERVER\RELEASE\GAMESERVER_EX603\MAPSERVERMANAGER.OBJ
D:\FULL SERVER MUONLINE\SERVER MU CUSTOM MOI NHAT\SOURCE\GAMESERVER_UP15\GAMESERVER\RELEASE\GAMESERVER_EX603\MASTERSKILLTREE.OBJ
D:\FULL SERVER MUONLINE\SERVER MU CUSTOM MOI NHAT\SOURCE\GAMESERVER_UP15\GAMESERVER\RELEASE\GAMESERVER_EX603\MATH.OBJ
D:\FULL SERVER MUONLINE\SERVER MU CUSTOM MOI NHAT\SOURCE\GAMESERVER_UP15\GAMESERVER\RELEASE\GAMESERVER_EX603\MEMORYALLOCATOR.OBJ
D:\FULL SERVER MUONLINE\SERVER MU CUSTOM MOI NHAT\SOURCE\GAMESERVER_UP15\GAMESERVER\RELEASE\GAMESERVER_EX603\MEMORYALLOCATORINFO.OBJ
D:\FULL SERVER MUONLINE\SERVER MU CUSTOM MOI NHAT\SOURCE\GAMESERVER_UP15\GAMESERVER\RELEASE\GAMESERVER_EX603\MEMSCRIPT.OBJ
D:\FULL SERVER MUONLINE\SERVER MU CUSTOM MOI NHAT\SOURCE\GAMESERVER_UP15\GAMESERVER\RELEASE\GAMESERVER_EX603\MEMSCRIPT2.OBJ
D:\FULL SERVER MUONLINE\SERVER MU CUSTOM MOI NHAT\SOURCE\GAMESERVER_UP15\GAMESERVER\RELEASE\GAMESERVER_EX603\MERCENARY.OBJ
D:\FULL SERVER MUONLINE\SERVER MU CUSTOM MOI NHAT\SOURCE\GAMESERVER_UP15\GAMESERVER\RELEASE\GAMESERVER_EX603\MESSAGE.OBJ
D:\FULL SERVER MUONLINE\SERVER MU CUSTOM MOI NHAT\SOURCE\GAMESERVER_UP15\GAMESERVER\RELEASE\GAMESERVER_EX603\MINIDUMP.OBJ
D:\FULL SERVER MUONLINE\SERVER MU CUSTOM MOI NHAT\SOURCE\GAMESERVER_UP15\GAMESERVER\RELEASE\GAMESERVER_EX603\MINIMAP.OBJ
D:\FULL SERVER MUONLINE\SERVER MU CUSTOM MOI NHAT\SOURCE\GAMESERVER_UP15\GAMESERVER\RELEASE\GAMESERVER_EX603\MININGSYSTEM.OBJ
D:\FULL SERVER MUONLINE\SERVER MU CUSTOM MOI NHAT\SOURCE\GAMESERVER_UP15\GAMESERVER\RELEASE\GAMESERVER_EX603\MONSTER.OBJ
D:\FULL SERVER MUONLINE\SERVER MU CUSTOM MOI NHAT\SOURCE\GAMESERVER_UP15\GAMESERVER\RELEASE\GAMESERVER_EX603\MONSTERAI.OBJ
D:\FULL SERVER MUONLINE\SERVER MU CUSTOM MOI NHAT\SOURCE\GAMESERVER_UP15\GAMESERVER\RELEASE\GAMESERVER_EX603\MONSTERAIAGRO.OBJ
D:\FULL SERVER MUONLINE\SERVER MU CUSTOM MOI NHAT\SOURCE\GAMESERVER_UP15\GAMESERVER\RELEASE\GAMESERVER_EX603\MONSTERAIAUTOMATA.OBJ
D:\FULL SERVER MUONLINE\SERVER MU CUSTOM MOI NHAT\SOURCE\GAMESERVER_UP15\GAMESERVER\RELEASE\GAMESERVER_EX603\MONSTERAIAUTOMATAINFO.OBJ
D:\FULL SERVER MUONLINE\SERVER MU CUSTOM MOI NHAT\SOURCE\GAMESERVER_UP15\GAMESERVER\RELEASE\GAMESERVER_EX603\MONSTERAIELEMENT.OBJ
D:\FULL SERVER MUONLINE\SERVER MU CUSTOM MOI NHAT\SOURCE\GAMESERVER_UP15\GAMESERVER\RELEASE\GAMESERVER_EX603\MONSTERAIELEMENTINFO.OBJ
D:\FULL SERVER MUONLINE\SERVER MU CUSTOM MOI NHAT\SOURCE\GAMESERVER_UP15\GAMESERVER\RELEASE\GAMESERVER_EX603\MONSTERAIGROUP.OBJ
D:\FULL SERVER MUONLINE\SERVER MU CUSTOM MOI NHAT\SOURCE\GAMESERVER_UP15\GAMESERVER\RELEASE\GAMESERVER_EX603\MONSTERAIGROUPMEMBER.OBJ
D:\FULL SERVER MUONLINE\SERVER MU CUSTOM MOI NHAT\SOURCE\GAMESERVER_UP15\GAMESERVER\RELEASE\GAMESERVER_EX603\MONSTERAIMOVEPATH.OBJ
D:\FULL SERVER MUONLINE\SERVER MU CUSTOM MOI NHAT\SOURCE\GAMESERVER_UP15\GAMESERVER\RELEASE\GAMESERVER_EX603\MONSTERAIMOVEPATHINFO.OBJ
D:\FULL SERVER MUONLINE\SERVER MU CUSTOM MOI NHAT\SOURCE\GAMESERVER_UP15\GAMESERVER\RELEASE\GAMESERVER_EX603\MONSTERAIRULE.OBJ
D:\FULL SERVER MUONLINE\SERVER MU CUSTOM MOI NHAT\SOURCE\GAMESERVER_UP15\GAMESERVER\RELEASE\GAMESERVER_EX603\MONSTERAIRULEINFO.OBJ
D:\FULL SERVER MUONLINE\SERVER MU CUSTOM MOI NHAT\SOURCE\GAMESERVER_UP15\GAMESERVER\RELEASE\GAMESERVER_EX603\MONSTERAISTATE.OBJ
D:\FULL SERVER MUONLINE\SERVER MU CUSTOM MOI NHAT\SOURCE\GAMESERVER_UP15\GAMESERVER\RELEASE\GAMESERVER_EX603\MONSTERAIUNIT.OBJ
D:\FULL SERVER MUONLINE\SERVER MU CUSTOM MOI NHAT\SOURCE\GAMESERVER_UP15\GAMESERVER\RELEASE\GAMESERVER_EX603\MONSTERAIUNITINFO.OBJ
D:\FULL SERVER MUONLINE\SERVER MU CUSTOM MOI NHAT\SOURCE\GAMESERVER_UP15\GAMESERVER\RELEASE\GAMESERVER_EX603\MONSTERAIUTIL.OBJ
D:\FULL SERVER MUONLINE\SERVER MU CUSTOM MOI NHAT\SOURCE\GAMESERVER_UP15\GAMESERVER\RELEASE\GAMESERVER_EX603\MONSTERMANAGER.OBJ
D:\FULL SERVER MUONLINE\SERVER MU CUSTOM MOI NHAT\SOURCE\GAMESERVER_UP15\GAMESERVER\RELEASE\GAMESERVER_EX603\MONSTERSETBASE.OBJ
D:\FULL SERVER MUONLINE\SERVER MU CUSTOM MOI NHAT\SOURCE\GAMESERVER_UP15\GAMESERVER\RELEASE\GAMESERVER_EX603\MONSTERSKILLELEMENT.OBJ
D:\FULL SERVER MUONLINE\SERVER MU CUSTOM MOI NHAT\SOURCE\GAMESERVER_UP15\GAMESERVER\RELEASE\GAMESERVER_EX603\MONSTERSKILLELEMENTINFO.OBJ
D:\FULL SERVER MUONLINE\SERVER MU CUSTOM MOI NHAT\SOURCE\GAMESERVER_UP15\GAMESERVER\RELEASE\GAMESERVER_EX603\MONSTERSKILLELEMENTOPTION.OBJ
D:\FULL SERVER MUONLINE\SERVER MU CUSTOM MOI NHAT\SOURCE\GAMESERVER_UP15\GAMESERVER\RELEASE\GAMESERVER_EX603\MONSTERSKILLINFO.OBJ
D:\FULL SERVER MUONLINE\SERVER MU CUSTOM MOI NHAT\SOURCE\GAMESERVER_UP15\GAMESERVER\RELEASE\GAMESERVER_EX603\MONSTERSKILLMANAGER.OBJ
D:\FULL SERVER MUONLINE\SERVER MU CUSTOM MOI NHAT\SOURCE\GAMESERVER_UP15\GAMESERVER\RELEASE\GAMESERVER_EX603\MONSTERSKILLUNIT.OBJ
D:\FULL SERVER MUONLINE\SERVER MU CUSTOM MOI NHAT\SOURCE\GAMESERVER_UP15\GAMESERVER\RELEASE\GAMESERVER_EX603\MONSTERSKILLUNITINFO.OBJ
D:\FULL SERVER MUONLINE\SERVER MU CUSTOM MOI NHAT\SOURCE\GAMESERVER_UP15\GAMESERVER\RELEASE\GAMESERVER_EX603\MOSSMERCHANT.OBJ
D:\FULL SERVER MUONLINE\SERVER MU CUSTOM MOI NHAT\SOURCE\GAMESERVER_UP15\GAMESERVER\RELEASE\GAMESERVER_EX603\MOVE.OBJ
D:\FULL SERVER MUONLINE\SERVER MU CUSTOM MOI NHAT\SOURCE\GAMESERVER_UP15\GAMESERVER\RELEASE\GAMESERVER_EX603\MOVESUMMON.OBJ
D:\FULL SERVER MUONLINE\SERVER MU CUSTOM MOI NHAT\SOURCE\GAMESERVER_UP15\GAMESERVER\RELEASE\GAMESERVER_EX603\MURUMMY.OBJ
D:\FULL SERVER MUONLINE\SERVER MU CUSTOM MOI NHAT\SOURCE\GAMESERVER_UP15\GAMESERVER\RELEASE\GAMESERVER_EX603\MUUNSYSTEM.OBJ
D:\FULL SERVER MUONLINE\SERVER MU CUSTOM MOI NHAT\SOURCE\GAMESERVER_UP15\GAMESERVER\RELEASE\GAMESERVER_EX603\NEWCUSTOMFUNCTIONS.OBJ
D:\FULL SERVER MUONLINE\SERVER MU CUSTOM MOI NHAT\SOURCE\GAMESERVER_UP15\GAMESERVER\RELEASE\GAMESERVER_EX603\NEWUIMYINVENTORY.OBJ
D:\FULL SERVER MUONLINE\SERVER MU CUSTOM MOI NHAT\SOURCE\GAMESERVER_UP15\GAMESERVER\RELEASE\GAMESERVER_EX603\NOTICE.OBJ
D:\FULL SERVER MUONLINE\SERVER MU CUSTOM MOI NHAT\SOURCE\GAMESERVER_UP15\GAMESERVER\RELEASE\GAMESERVER_EX603\NPCTALK.OBJ
D:\FULL SERVER MUONLINE\SERVER MU CUSTOM MOI NHAT\SOURCE\GAMESERVER_UP15\GAMESERVER\RELEASE\GAMESERVER_EX603\OBJECTMANAGER.OBJ
D:\FULL SERVER MUONLINE\SERVER MU CUSTOM MOI NHAT\SOURCE\GAMESERVER_UP15\GAMESERVER\RELEASE\GAMESERVER_EX603\OFFLINEMODE.OBJ
D:\FULL SERVER MUONLINE\SERVER MU CUSTOM MOI NHAT\SOURCE\GAMESERVER_UP15\GAMESERVER\RELEASE\GAMESERVER_EX603\PACKETMANAGER.OBJ
D:\FULL SERVER MUONLINE\SERVER MU CUSTOM MOI NHAT\SOURCE\GAMESERVER_UP15\GAMESERVER\RELEASE\GAMESERVER_EX603\PARTY.OBJ
D:\FULL SERVER MUONLINE\SERVER MU CUSTOM MOI NHAT\SOURCE\GAMESERVER_UP15\GAMESERVER\RELEASE\GAMESERVER_EX603\PARTYMATCHING.OBJ
D:\FULL SERVER MUONLINE\SERVER MU CUSTOM MOI NHAT\SOURCE\GAMESERVER_UP15\GAMESERVER\RELEASE\GAMESERVER_EX603\PARTYSEARCH.OBJ
D:\FULL SERVER MUONLINE\SERVER MU CUSTOM MOI NHAT\SOURCE\GAMESERVER_UP15\GAMESERVER\RELEASE\GAMESERVER_EX603\PARTYSETPASS.OBJ
D:\FULL SERVER MUONLINE\SERVER MU CUSTOM MOI NHAT\SOURCE\GAMESERVER_UP15\GAMESERVER\RELEASE\GAMESERVER_EX603\PATH.OBJ
D:\FULL SERVER MUONLINE\SERVER MU CUSTOM MOI NHAT\SOURCE\GAMESERVER_UP15\GAMESERVER\RELEASE\GAMESERVER_EX603\PCPOINT.OBJ
D:\FULL SERVER MUONLINE\SERVER MU CUSTOM MOI NHAT\SOURCE\GAMESERVER_UP15\GAMESERVER\RELEASE\GAMESERVER_EX603\PENTAGRAMSYSTEM.OBJ
D:\FULL SERVER MUONLINE\SERVER MU CUSTOM MOI NHAT\SOURCE\GAMESERVER_UP15\GAMESERVER\RELEASE\GAMESERVER_EX603\PERSONALSHOP.OBJ
D:\FULL SERVER MUONLINE\SERVER MU CUSTOM MOI NHAT\SOURCE\GAMESERVER_UP15\GAMESERVER\RELEASE\GAMESERVER_EX603\PREMIUMDROP.OBJ
D:\FULL SERVER MUONLINE\SERVER MU CUSTOM MOI NHAT\SOURCE\GAMESERVER_UP15\GAMESERVER\RELEASE\GAMESERVER_EX603\PROTECT.OBJ
D:\FULL SERVER MUONLINE\SERVER MU CUSTOM MOI NHAT\SOURCE\GAMESERVER_UP15\GAMESERVER\RELEASE\GAMESERVER_EX603\PROTOCOL.OBJ
D:\FULL SERVER MUONLINE\SERVER MU CUSTOM MOI NHAT\SOURCE\GAMESERVER_UP15\GAMESERVER\RELEASE\GAMESERVER_EX603\PUGIXML.OBJ
D:\FULL SERVER MUONLINE\SERVER MU CUSTOM MOI NHAT\SOURCE\GAMESERVER_UP15\GAMESERVER\RELEASE\GAMESERVER_EX603\QUANHAM.OBJ
D:\FULL SERVER MUONLINE\SERVER MU CUSTOM MOI NHAT\SOURCE\GAMESERVER_UP15\GAMESERVER\RELEASE\GAMESERVER_EX603\QUEST.OBJ
D:\FULL SERVER MUONLINE\SERVER MU CUSTOM MOI NHAT\SOURCE\GAMESERVER_UP15\GAMESERVER\RELEASE\GAMESERVER_EX603\QUESTOBJECTIVE.OBJ
D:\FULL SERVER MUONLINE\SERVER MU CUSTOM MOI NHAT\SOURCE\GAMESERVER_UP15\GAMESERVER\RELEASE\GAMESERVER_EX603\QUESTREWARD.OBJ
D:\FULL SERVER MUONLINE\SERVER MU CUSTOM MOI NHAT\SOURCE\GAMESERVER_UP15\GAMESERVER\RELEASE\GAMESERVER_EX603\QUESTWORLD.OBJ
D:\FULL SERVER MUONLINE\SERVER MU CUSTOM MOI NHAT\SOURCE\GAMESERVER_UP15\GAMESERVER\RELEASE\GAMESERVER_EX603\QUESTWORLDOBJECTIVE.OBJ
D:\FULL SERVER MUONLINE\SERVER MU CUSTOM MOI NHAT\SOURCE\GAMESERVER_UP15\GAMESERVER\RELEASE\GAMESERVER_EX603\QUESTWORLDREWARD.OBJ
D:\FULL SERVER MUONLINE\SERVER MU CUSTOM MOI NHAT\SOURCE\GAMESERVER_UP15\GAMESERVER\RELEASE\GAMESERVER_EX603\QUEUE.OBJ
D:\FULL SERVER MUONLINE\SERVER MU CUSTOM MOI NHAT\SOURCE\GAMESERVER_UP15\GAMESERVER\RELEASE\GAMESERVER_EX603\QUEUETIMER.OBJ
D:\FULL SERVER MUONLINE\SERVER MU CUSTOM MOI NHAT\SOURCE\GAMESERVER_UP15\GAMESERVER\RELEASE\GAMESERVER_EX603\RAKLION.OBJ
D:\FULL SERVER MUONLINE\SERVER MU CUSTOM MOI NHAT\SOURCE\GAMESERVER_UP15\GAMESERVER\RELEASE\GAMESERVER_EX603\RAKLIONBATTLEOFSELUPAN.OBJ
D:\FULL SERVER MUONLINE\SERVER MU CUSTOM MOI NHAT\SOURCE\GAMESERVER_UP15\GAMESERVER\RELEASE\GAMESERVER_EX603\RAKLIONBATTLEUSER.OBJ
D:\FULL SERVER MUONLINE\SERVER MU CUSTOM MOI NHAT\SOURCE\GAMESERVER_UP15\GAMESERVER\RELEASE\GAMESERVER_EX603\RAKLIONBATTLEUSERMNG.OBJ
D:\FULL SERVER MUONLINE\SERVER MU CUSTOM MOI NHAT\SOURCE\GAMESERVER_UP15\GAMESERVER\RELEASE\GAMESERVER_EX603\RAKLIONOBJINFO.OBJ
D:\FULL SERVER MUONLINE\SERVER MU CUSTOM MOI NHAT\SOURCE\GAMESERVER_UP15\GAMESERVER\RELEASE\GAMESERVER_EX603\RAKLIONSELUPAN.OBJ
D:\FULL SERVER MUONLINE\SERVER MU CUSTOM MOI NHAT\SOURCE\GAMESERVER_UP15\GAMESERVER\RELEASE\GAMESERVER_EX603\RAKLIONUTIL.OBJ
D:\FULL SERVER MUONLINE\SERVER MU CUSTOM MOI NHAT\SOURCE\GAMESERVER_UP15\GAMESERVER\RELEASE\GAMESERVER_EX603\RAMFIX.OBJ
D:\FULL SERVER MUONLINE\SERVER MU CUSTOM MOI NHAT\SOURCE\GAMESERVER_UP15\GAMESERVER\RELEASE\GAMESERVER_EX603\RANDOMMANAGER.OBJ
D:\FULL SERVER MUONLINE\SERVER MU CUSTOM MOI NHAT\SOURCE\GAMESERVER_UP15\GAMESERVER\RELEASE\GAMESERVER_EX603\RECONNECT.OBJ
D:\FULL SERVER MUONLINE\SERVER MU CUSTOM MOI NHAT\SOURCE\GAMESERVER_UP15\GAMESERVER\RELEASE\GAMESERVER_EX603\REIDOMU.OBJ
D:\FULL SERVER MUONLINE\SERVER MU CUSTOM MOI NHAT\SOURCE\GAMESERVER_UP15\GAMESERVER\RELEASE\GAMESERVER_EX603\RESETCHANGE.OBJ
D:\FULL SERVER MUONLINE\SERVER MU CUSTOM MOI NHAT\SOURCE\GAMESERVER_UP15\GAMESERVER\RELEASE\GAMESERVER_EX603\RESETTABLE.OBJ
D:\FULL SERVER MUONLINE\SERVER MU CUSTOM MOI NHAT\SOURCE\GAMESERVER_UP15\GAMESERVER\RELEASE\GAMESERVER_EX603\RESETTABLEVIP.OBJ
D:\FULL SERVER MUONLINE\SERVER MU CUSTOM MOI NHAT\SOURCE\GAMESERVER_UP15\GAMESERVER\RELEASE\GAMESERVER_EX603\RESPAWNLOCATION.OBJ
D:\FULL SERVER MUONLINE\SERVER MU CUSTOM MOI NHAT\SOURCE\GAMESERVER_UP15\GAMESERVER\RELEASE\GAMESERVER_EX603\REWARDSYSTEM.OBJ
D:\FULL SERVER MUONLINE\SERVER MU CUSTOM MOI NHAT\SOURCE\GAMESERVER_UP15\GAMESERVER\RELEASE\GAMESERVER_EX603\ROYALBATTLEGROUND.OBJ
D:\FULL SERVER MUONLINE\SERVER MU CUSTOM MOI NHAT\SOURCE\GAMESERVER_UP15\GAMESERVER\RELEASE\GAMESERVER_EX603\RUUDTOKENSELLTEMPLATE.OBJ
D:\FULL SERVER MUONLINE\SERVER MU CUSTOM MOI NHAT\SOURCE\GAMESERVER_UP15\GAMESERVER\RELEASE\GAMESERVER_EX603\SAUCHANGEITEM.OBJ
D:\FULL SERVER MUONLINE\SERVER MU CUSTOM MOI NHAT\SOURCE\GAMESERVER_UP15\GAMESERVER\RELEASE\GAMESERVER_EX603\SAUCUSTOMHARMONY.OBJ
D:\FULL SERVER MUONLINE\SERVER MU CUSTOM MOI NHAT\SOURCE\GAMESERVER_UP15\GAMESERVER\RELEASE\GAMESERVER_EX603\SCHEDULEMANAGER.OBJ
D:\FULL SERVER MUONLINE\SERVER MU CUSTOM MOI NHAT\SOURCE\GAMESERVER_UP15\GAMESERVER\RELEASE\GAMESERVER_EX603\SERIALCHECK.OBJ
D:\FULL SERVER MUONLINE\SERVER MU CUSTOM MOI NHAT\SOURCE\GAMESERVER_UP15\GAMESERVER\RELEASE\GAMESERVER_EX603\SERVERDISPLAYER.OBJ
D:\FULL SERVER MUONLINE\SERVER MU CUSTOM MOI NHAT\SOURCE\GAMESERVER_UP15\GAMESERVER\RELEASE\GAMESERVER_EX603\SERVERINFO.OBJ
D:\FULL SERVER MUONLINE\SERVER MU CUSTOM MOI NHAT\SOURCE\GAMESERVER_UP15\GAMESERVER\RELEASE\GAMESERVER_EX603\SETITEMOPTION.OBJ
D:\FULL SERVER MUONLINE\SERVER MU CUSTOM MOI NHAT\SOURCE\GAMESERVER_UP15\GAMESERVER\RELEASE\GAMESERVER_EX603\SETITEMTYPE.OBJ
D:\FULL SERVER MUONLINE\SERVER MU CUSTOM MOI NHAT\SOURCE\GAMESERVER_UP15\GAMESERVER\RELEASE\GAMESERVER_EX603\SHOP.OBJ
D:\FULL SERVER MUONLINE\SERVER MU CUSTOM MOI NHAT\SOURCE\GAMESERVER_UP15\GAMESERVER\RELEASE\GAMESERVER_EX603\SHOPMANAGER.OBJ
D:\FULL SERVER MUONLINE\SERVER MU CUSTOM MOI NHAT\SOURCE\GAMESERVER_UP15\GAMESERVER\RELEASE\GAMESERVER_EX603\SHOPPOINTEX.OBJ
D:\FULL SERVER MUONLINE\SERVER MU CUSTOM MOI NHAT\SOURCE\GAMESERVER_UP15\GAMESERVER\RELEASE\GAMESERVER_EX603\SKILL.OBJ
D:\FULL SERVER MUONLINE\SERVER MU CUSTOM MOI NHAT\SOURCE\GAMESERVER_UP15\GAMESERVER\RELEASE\GAMESERVER_EX603\SKILLHITBOX.OBJ
D:\FULL SERVER MUONLINE\SERVER MU CUSTOM MOI NHAT\SOURCE\GAMESERVER_UP15\GAMESERVER\RELEASE\GAMESERVER_EX603\SKILLMANAGER.OBJ
D:\FULL SERVER MUONLINE\SERVER MU CUSTOM MOI NHAT\SOURCE\GAMESERVER_UP15\GAMESERVER\RELEASE\GAMESERVER_EX603\SKYEVENT.OBJ
D:\FULL SERVER MUONLINE\SERVER MU CUSTOM MOI NHAT\SOURCE\GAMESERVER_UP15\GAMESERVER\RELEASE\GAMESERVER_EX603\SOCKETITEMOPTION.OBJ
D:\FULL SERVER MUONLINE\SERVER MU CUSTOM MOI NHAT\SOURCE\GAMESERVER_UP15\GAMESERVER\RELEASE\GAMESERVER_EX603\SOCKETITEMTYPE.OBJ
D:\FULL SERVER MUONLINE\SERVER MU CUSTOM MOI NHAT\SOURCE\GAMESERVER_UP15\GAMESERVER\RELEASE\GAMESERVER_EX603\SOCKETMANAGER.OBJ
D:\FULL SERVER MUONLINE\SERVER MU CUSTOM MOI NHAT\SOURCE\GAMESERVER_UP15\GAMESERVER\RELEASE\GAMESERVER_EX603\SOCKETMANAGERUDP.OBJ
D:\FULL SERVER MUONLINE\SERVER MU CUSTOM MOI NHAT\SOURCE\GAMESERVER_UP15\GAMESERVER\RELEASE\GAMESERVER_EX603\STATSADVANCE.OBJ
D:\FULL SERVER MUONLINE\SERVER MU CUSTOM MOI NHAT\SOURCE\GAMESERVER_UP15\GAMESERVER\RELEASE\GAMESERVER_EX603\STDAFX.OBJ
D:\FULL SERVER MUONLINE\SERVER MU CUSTOM MOI NHAT\SOURCE\GAMESERVER_UP15\GAMESERVER\RELEASE\GAMESERVER_EX603\SUMMONSCROLL.OBJ
D:\FULL SERVER MUONLINE\SERVER MU CUSTOM MOI NHAT\SOURCE\GAMESERVER_UP15\GAMESERVER\RELEASE\GAMESERVER_EX603\TELEPORTMARLON.OBJ
D:\FULL SERVER MUONLINE\SERVER MU CUSTOM MOI NHAT\SOURCE\GAMESERVER_UP15\GAMESERVER\RELEASE\GAMESERVER_EX603\TEVENTGREATPK.OBJ
D:\FULL SERVER MUONLINE\SERVER MU CUSTOM MOI NHAT\SOURCE\GAMESERVER_UP15\GAMESERVER\RELEASE\GAMESERVER_EX603\THUEFLAG.OBJ
D:\FULL SERVER MUONLINE\SERVER MU CUSTOM MOI NHAT\SOURCE\GAMESERVER_UP15\GAMESERVER\RELEASE\GAMESERVER_EX603\THUMUADOEXC.OBJ
D:\FULL SERVER MUONLINE\SERVER MU CUSTOM MOI NHAT\SOURCE\GAMESERVER_UP15\GAMESERVER\RELEASE\GAMESERVER_EX603\THUONGDANHBOSS.OBJ
D:\FULL SERVER MUONLINE\SERVER MU CUSTOM MOI NHAT\SOURCE\GAMESERVER_UP15\GAMESERVER\RELEASE\GAMESERVER_EX603\TRADE.OBJ
D:\FULL SERVER MUONLINE\SERVER MU CUSTOM MOI NHAT\SOURCE\GAMESERVER_UP15\GAMESERVER\RELEASE\GAMESERVER_EX603\TULUYEN.OBJ
D:\FULL SERVER MUONLINE\SERVER MU CUSTOM MOI NHAT\SOURCE\GAMESERVER_UP15\GAMESERVER\RELEASE\GAMESERVER_EX603\UNION.OBJ
D:\FULL SERVER MUONLINE\SERVER MU CUSTOM MOI NHAT\SOURCE\GAMESERVER_UP15\GAMESERVER\RELEASE\GAMESERVER_EX603\UNIONINFO.OBJ
D:\FULL SERVER MUONLINE\SERVER MU CUSTOM MOI NHAT\SOURCE\GAMESERVER_UP15\GAMESERVER\RELEASE\GAMESERVER_EX603\USER.OBJ
D:\FULL SERVER MUONLINE\SERVER MU CUSTOM MOI NHAT\SOURCE\GAMESERVER_UP15\GAMESERVER\RELEASE\GAMESERVER_EX603\UTIL.OBJ
D:\FULL SERVER MUONLINE\SERVER MU CUSTOM MOI NHAT\SOURCE\GAMESERVER_UP15\GAMESERVER\RELEASE\GAMESERVER_EX603\VC100.PDB
D:\FULL SERVER MUONLINE\SERVER MU CUSTOM MOI NHAT\SOURCE\GAMESERVER_UP15\GAMESERVER\RELEASE\GAMESERVER_EX603\VIEWPORT.OBJ
D:\FULL SERVER MUONLINE\SERVER MU CUSTOM MOI NHAT\SOURCE\GAMESERVER_UP15\GAMESERVER\RELEASE\GAMESERVER_EX603\WAREHOUSE.OBJ
D:\FULL SERVER MUONLINE\SERVER MU CUSTOM MOI NHAT\SOURCE\GAMESERVER_UP15\GAMESERVER\RELEASE\GAMESERVER_EX603\ZENDROP.OBJ
G:\SOURCE MU\MUSERVER\4.SUB-1\GAMESERVER\GAMESERVER.EXE
G:\SOURCE MU\MUSERVER\4.SUB-1\GAMESERVER\GAMESERVER.EXE.MANIFEST
G:\SOURCE MU\MUSERVER\4.SUB-1\GAMESERVER\GAMESERVER.PDB
G:\source mu\Source\GameServer_UP15\GameServer\..\..\..\MuServer\4.Sub-1\GameServer\GameServer.exe
G:\source mu\Source\GameServer_UP15\GameServer\..\..\..\MuServer\4.Sub-1\GameServer\GameServer.exe.manifest
G:\SOURCE MU\SOURCE\GAMESERVER_UP15\GAMESERVER\RELEASE\GAMESERVER_EX603\380ITEMOPTION.OBJ
G:\SOURCE MU\SOURCE\GAMESERVER_UP15\GAMESERVER\RELEASE\GAMESERVER_EX603\380ITEMTYPE.OBJ
G:\SOURCE MU\SOURCE\GAMESERVER_UP15\GAMESERVER\RELEASE\GAMESERVER_EX603\ACTIVEINVASIONS.OBJ
G:\SOURCE MU\SOURCE\GAMESERVER_UP15\GAMESERVER\RELEASE\GAMESERVER_EX603\ARCABATTLE.OBJ
G:\SOURCE MU\SOURCE\GAMESERVER_UP15\GAMESERVER\RELEASE\GAMESERVER_EX603\ATTACK.OBJ
G:\SOURCE MU\SOURCE\GAMESERVER_UP15\GAMESERVER\RELEASE\GAMESERVER_EX603\AUTOSUBRESTART.OBJ
G:\SOURCE MU\SOURCE\GAMESERVER_UP15\GAMESERVER\RELEASE\GAMESERVER_EX603\B_MOCNAP.OBJ
G:\SOURCE MU\SOURCE\GAMESERVER_UP15\GAMESERVER\RELEASE\GAMESERVER_EX603\BANTIHACK.OBJ
G:\SOURCE MU\SOURCE\GAMESERVER_UP15\GAMESERVER\RELEASE\GAMESERVER_EX603\BATTLEGROUND.OBJ
G:\SOURCE MU\SOURCE\GAMESERVER_UP15\GAMESERVER\RELEASE\GAMESERVER_EX603\BATTLEROYALE.OBJ
G:\SOURCE MU\SOURCE\GAMESERVER_UP15\GAMESERVER\RELEASE\GAMESERVER_EX603\BATTLESOCCER.OBJ
G:\SOURCE MU\SOURCE\GAMESERVER_UP15\GAMESERVER\RELEASE\GAMESERVER_EX603\BATTLESOCCERMANAGER.OBJ
G:\SOURCE MU\SOURCE\GAMESERVER_UP15\GAMESERVER\RELEASE\GAMESERVER_EX603\BCUSTOMEDIT.OBJ
G:\SOURCE MU\SOURCE\GAMESERVER_UP15\GAMESERVER\RELEASE\GAMESERVER_EX603\BCUSTOMITEMBANK.OBJ
G:\SOURCE MU\SOURCE\GAMESERVER_UP15\GAMESERVER\RELEASE\GAMESERVER_EX603\BCUSTOMSKINMODEL.OBJ
G:\SOURCE MU\SOURCE\GAMESERVER_UP15\GAMESERVER\RELEASE\GAMESERVER_EX603\BDUNGLUYENITEM.OBJ
G:\SOURCE MU\SOURCE\GAMESERVER_UP15\GAMESERVER\RELEASE\GAMESERVER_EX603\BEVENTTHANMA.OBJ
G:\SOURCE MU\SOURCE\GAMESERVER_UP15\GAMESERVER\RELEASE\GAMESERVER_EX603\BHONHOAN.OBJ
G:\SOURCE MU\SOURCE\GAMESERVER_UP15\GAMESERVER\RELEASE\GAMESERVER_EX603\BLOODCASTLE.OBJ
G:\SOURCE MU\SOURCE\GAMESERVER_UP15\GAMESERVER\RELEASE\GAMESERVER_EX603\BONUSMANAGER.OBJ
G:\SOURCE MU\SOURCE\GAMESERVER_UP15\GAMESERVER\RELEASE\GAMESERVER_EX603\BOTALCHEMIST.OBJ
G:\SOURCE MU\SOURCE\GAMESERVER_UP15\GAMESERVER\RELEASE\GAMESERVER_EX603\BOTBUFFER.OBJ
G:\SOURCE MU\SOURCE\GAMESERVER_UP15\GAMESERVER\RELEASE\GAMESERVER_EX603\BOTONLINE.OBJ
G:\SOURCE MU\SOURCE\GAMESERVER_UP15\GAMESERVER\RELEASE\GAMESERVER_EX603\BOTSTORE.OBJ
G:\SOURCE MU\SOURCE\GAMESERVER_UP15\GAMESERVER\RELEASE\GAMESERVER_EX603\BOTTRADE.OBJ
G:\SOURCE MU\SOURCE\GAMESERVER_UP15\GAMESERVER\RELEASE\GAMESERVER_EX603\CANNONTOWER.OBJ
G:\SOURCE MU\SOURCE\GAMESERVER_UP15\GAMESERVER\RELEASE\GAMESERVER_EX603\CASHSHOP.OBJ
G:\SOURCE MU\SOURCE\GAMESERVER_UP15\GAMESERVER\RELEASE\GAMESERVER_EX603\CASTLEDEEP.OBJ
G:\SOURCE MU\SOURCE\GAMESERVER_UP15\GAMESERVER\RELEASE\GAMESERVER_EX603\CASTLESIEGE.OBJ
G:\SOURCE MU\SOURCE\GAMESERVER_UP15\GAMESERVER\RELEASE\GAMESERVER_EX603\CASTLESIEGECROWN.OBJ
G:\SOURCE MU\SOURCE\GAMESERVER_UP15\GAMESERVER\RELEASE\GAMESERVER_EX603\CASTLESIEGECROWNSWITCH.OBJ
G:\SOURCE MU\SOURCE\GAMESERVER_UP15\GAMESERVER\RELEASE\GAMESERVER_EX603\CASTLESIEGESYNC.OBJ
G:\SOURCE MU\SOURCE\GAMESERVER_UP15\GAMESERVER\RELEASE\GAMESERVER_EX603\CASTLESIEGEWEAPON.OBJ
G:\SOURCE MU\SOURCE\GAMESERVER_UP15\GAMESERVER\RELEASE\GAMESERVER_EX603\CBCONGHUONG.OBJ
G:\SOURCE MU\SOURCE\GAMESERVER_UP15\GAMESERVER\RELEASE\GAMESERVER_EX603\CCRC32.OBJ
G:\SOURCE MU\SOURCE\GAMESERVER_UP15\GAMESERVER\RELEASE\GAMESERVER_EX603\CHAOSBOX.OBJ
G:\SOURCE MU\SOURCE\GAMESERVER_UP15\GAMESERVER\RELEASE\GAMESERVER_EX603\CHAOSCASTLE.OBJ
G:\SOURCE MU\SOURCE\GAMESERVER_UP15\GAMESERVER\RELEASE\GAMESERVER_EX603\CHIENTRUONGCO.OBJ
G:\source mu\Source\GameServer_UP15\GameServer\Release\GameServer_EX603\cl.command.1.tlog
G:\source mu\Source\GameServer_UP15\GameServer\Release\GameServer_EX603\CL.read.1.tlog
G:\source mu\Source\GameServer_UP15\GameServer\Release\GameServer_EX603\CL.write.1.tlog
G:\SOURCE MU\SOURCE\GAMESERVER_UP15\GAMESERVER\RELEASE\GAMESERVER_EX603\COMBOSKILL.OBJ
G:\SOURCE MU\SOURCE\GAMESERVER_UP15\GAMESERVER\RELEASE\GAMESERVER_EX603\COMMAND.OBJ
G:\SOURCE MU\SOURCE\GAMESERVER_UP15\GAMESERVER\RELEASE\GAMESERVER_EX603\COMMANDMANAGER.OBJ
G:\SOURCE MU\SOURCE\GAMESERVER_UP15\GAMESERVER\RELEASE\GAMESERVER_EX603\CONNECTION.OBJ
G:\SOURCE MU\SOURCE\GAMESERVER_UP15\GAMESERVER\RELEASE\GAMESERVER_EX603\CRITICALSECTION.OBJ
G:\SOURCE MU\SOURCE\GAMESERVER_UP15\GAMESERVER\RELEASE\GAMESERVER_EX603\CRYWOLF.OBJ
G:\SOURCE MU\SOURCE\GAMESERVER_UP15\GAMESERVER\RELEASE\GAMESERVER_EX603\CRYWOLFALTAR.OBJ
G:\SOURCE MU\SOURCE\GAMESERVER_UP15\GAMESERVER\RELEASE\GAMESERVER_EX603\CRYWOLFOBJINFO.OBJ
G:\SOURCE MU\SOURCE\GAMESERVER_UP15\GAMESERVER\RELEASE\GAMESERVER_EX603\CRYWOLFSTATETIMEINFO.OBJ
G:\SOURCE MU\SOURCE\GAMESERVER_UP15\GAMESERVER\RELEASE\GAMESERVER_EX603\CRYWOLFSTATUE.OBJ
G:\SOURCE MU\SOURCE\GAMESERVER_UP15\GAMESERVER\RELEASE\GAMESERVER_EX603\CRYWOLFSYNC.OBJ
G:\SOURCE MU\SOURCE\GAMESERVER_UP15\GAMESERVER\RELEASE\GAMESERVER_EX603\CRYWOLFUTIL.OBJ
G:\SOURCE MU\SOURCE\GAMESERVER_UP15\GAMESERVER\RELEASE\GAMESERVER_EX603\CSPROTOCOL.OBJ
G:\SOURCE MU\SOURCE\GAMESERVER_UP15\GAMESERVER\RELEASE\GAMESERVER_EX603\CTCMINI.OBJ
G:\SOURCE MU\SOURCE\GAMESERVER_UP15\GAMESERVER\RELEASE\GAMESERVER_EX603\CUSTOMARENA.OBJ
G:\SOURCE MU\SOURCE\GAMESERVER_UP15\GAMESERVER\RELEASE\GAMESERVER_EX603\CUSTOMATTACK.OBJ
G:\SOURCE MU\SOURCE\GAMESERVER_UP15\GAMESERVER\RELEASE\GAMESERVER_EX603\CUSTOMBUYVIP.OBJ
G:\SOURCE MU\SOURCE\GAMESERVER_UP15\GAMESERVER\RELEASE\GAMESERVER_EX603\CUSTOMCOMBO.OBJ
G:\SOURCE MU\SOURCE\GAMESERVER_UP15\GAMESERVER\RELEASE\GAMESERVER_EX603\CUSTOMCOMMANDDESCRIPTION.OBJ
G:\SOURCE MU\SOURCE\GAMESERVER_UP15\GAMESERVER\RELEASE\GAMESERVER_EX603\CUSTOMDEATHMESSAGE.OBJ
G:\SOURCE MU\SOURCE\GAMESERVER_UP15\GAMESERVER\RELEASE\GAMESERVER_EX603\CUSTOMEVENTDROP.OBJ
G:\SOURCE MU\SOURCE\GAMESERVER_UP15\GAMESERVER\RELEASE\GAMESERVER_EX603\CUSTOMEVENTTIME.OBJ
G:\SOURCE MU\SOURCE\GAMESERVER_UP15\GAMESERVER\RELEASE\GAMESERVER_EX603\CUSTOMGHRS.OBJ
G:\SOURCE MU\SOURCE\GAMESERVER_UP15\GAMESERVER\RELEASE\GAMESERVER_EX603\CUSTOMJEWEL.OBJ
G:\SOURCE MU\SOURCE\GAMESERVER_UP15\GAMESERVER\RELEASE\GAMESERVER_EX603\CUSTOMMIX.OBJ
G:\SOURCE MU\SOURCE\GAMESERVER_UP15\GAMESERVER\RELEASE\GAMESERVER_EX603\CUSTOMMONSTER.OBJ
G:\SOURCE MU\SOURCE\GAMESERVER_UP15\GAMESERVER\RELEASE\GAMESERVER_EX603\CUSTOMMONSTERSKILL.OBJ
G:\SOURCE MU\SOURCE\GAMESERVER_UP15\GAMESERVER\RELEASE\GAMESERVER_EX603\CUSTOMMOVE.OBJ
G:\SOURCE MU\SOURCE\GAMESERVER_UP15\GAMESERVER\RELEASE\GAMESERVER_EX603\CUSTOMMOVEEVENT.OBJ
G:\SOURCE MU\SOURCE\GAMESERVER_UP15\GAMESERVER\RELEASE\GAMESERVER_EX603\CUSTOMNPCCOLLECTOR.OBJ
G:\SOURCE MU\SOURCE\GAMESERVER_UP15\GAMESERVER\RELEASE\GAMESERVER_EX603\CUSTOMNPCCOMMAND.OBJ
G:\SOURCE MU\SOURCE\GAMESERVER_UP15\GAMESERVER\RELEASE\GAMESERVER_EX603\CUSTOMNPCMOVE.OBJ
G:\SOURCE MU\SOURCE\GAMESERVER_UP15\GAMESERVER\RELEASE\GAMESERVER_EX603\CUSTOMNPCQUEST.OBJ
G:\SOURCE MU\SOURCE\GAMESERVER_UP15\GAMESERVER\RELEASE\GAMESERVER_EX603\CUSTOMOFFLINEMODE.OBJ
G:\SOURCE MU\SOURCE\GAMESERVER_UP15\GAMESERVER\RELEASE\GAMESERVER_EX603\CUSTOMONLINELOTTERY.OBJ
G:\SOURCE MU\SOURCE\GAMESERVER_UP15\GAMESERVER\RELEASE\GAMESERVER_EX603\CUSTOMPET.OBJ
G:\SOURCE MU\SOURCE\GAMESERVER_UP15\GAMESERVER\RELEASE\GAMESERVER_EX603\CUSTOMPICK.OBJ
G:\SOURCE MU\SOURCE\GAMESERVER_UP15\GAMESERVER\RELEASE\GAMESERVER_EX603\CUSTOMPKFREE.OBJ
G:\SOURCE MU\SOURCE\GAMESERVER_UP15\GAMESERVER\RELEASE\GAMESERVER_EX603\CUSTOMQUEST.OBJ
G:\SOURCE MU\SOURCE\GAMESERVER_UP15\GAMESERVER\RELEASE\GAMESERVER_EX603\CUSTOMQUIZ.OBJ
G:\SOURCE MU\SOURCE\GAMESERVER_UP15\GAMESERVER\RELEASE\GAMESERVER_EX603\CUSTOMRANKING.OBJ
G:\SOURCE MU\SOURCE\GAMESERVER_UP15\GAMESERVER\RELEASE\GAMESERVER_EX603\CUSTOMRANKUSER.OBJ
G:\SOURCE MU\SOURCE\GAMESERVER_UP15\GAMESERVER\RELEASE\GAMESERVER_EX603\CUSTOMSTARTITEM.OBJ
G:\SOURCE MU\SOURCE\GAMESERVER_UP15\GAMESERVER\RELEASE\GAMESERVER_EX603\CUSTOMSTARTITEMDAME.OBJ
G:\SOURCE MU\SOURCE\GAMESERVER_UP15\GAMESERVER\RELEASE\GAMESERVER_EX603\CUSTOMSTARTSETITEMDAME.OBJ
G:\SOURCE MU\SOURCE\GAMESERVER_UP15\GAMESERVER\RELEASE\GAMESERVER_EX603\CUSTOMSTORE.OBJ
G:\SOURCE MU\SOURCE\GAMESERVER_UP15\GAMESERVER\RELEASE\GAMESERVER_EX603\CUSTOMTOP.OBJ
G:\SOURCE MU\SOURCE\GAMESERVER_UP15\GAMESERVER\RELEASE\GAMESERVER_EX603\CUSTOMVONGQUAY.OBJ
G:\SOURCE MU\SOURCE\GAMESERVER_UP15\GAMESERVER\RELEASE\GAMESERVER_EX603\CUSTOMWING.OBJ
G:\SOURCE MU\SOURCE\GAMESERVER_UP15\GAMESERVER\RELEASE\GAMESERVER_EX603\CUSTOMWINGMIX.OBJ
G:\SOURCE MU\SOURCE\GAMESERVER_UP15\GAMESERVER\RELEASE\GAMESERVER_EX603\DANHHIEU.OBJ
G:\SOURCE MU\SOURCE\GAMESERVER_UP15\GAMESERVER\RELEASE\GAMESERVER_EX603\DARKSPIRIT.OBJ
G:\SOURCE MU\SOURCE\GAMESERVER_UP15\GAMESERVER\RELEASE\GAMESERVER_EX603\DEFAULTCLASSINFO.OBJ
G:\SOURCE MU\SOURCE\GAMESERVER_UP15\GAMESERVER\RELEASE\GAMESERVER_EX603\DEVILSQUARE.OBJ
G:\SOURCE MU\SOURCE\GAMESERVER_UP15\GAMESERVER\RELEASE\GAMESERVER_EX603\DOUBLEGOER.OBJ
G:\SOURCE MU\SOURCE\GAMESERVER_UP15\GAMESERVER\RELEASE\GAMESERVER_EX603\DROPREWARD.OBJ
G:\SOURCE MU\SOURCE\GAMESERVER_UP15\GAMESERVER\RELEASE\GAMESERVER_EX603\DSPROTOCOL.OBJ
G:\SOURCE MU\SOURCE\GAMESERVER_UP15\GAMESERVER\RELEASE\GAMESERVER_EX603\DUCTUONG.OBJ
G:\SOURCE MU\SOURCE\GAMESERVER_UP15\GAMESERVER\RELEASE\GAMESERVER_EX603\DUEL.OBJ
G:\SOURCE MU\SOURCE\GAMESERVER_UP15\GAMESERVER\RELEASE\GAMESERVER_EX603\EFFECT.OBJ
G:\SOURCE MU\SOURCE\GAMESERVER_UP15\GAMESERVER\RELEASE\GAMESERVER_EX603\EFFECTMANAGER.OBJ
G:\SOURCE MU\SOURCE\GAMESERVER_UP15\GAMESERVER\RELEASE\GAMESERVER_EX603\ESPROTOCOL.OBJ
G:\SOURCE MU\SOURCE\GAMESERVER_UP15\GAMESERVER\RELEASE\GAMESERVER_EX603\EVENTHIDEANDSEEK.OBJ
G:\SOURCE MU\SOURCE\GAMESERVER_UP15\GAMESERVER\RELEASE\GAMESERVER_EX603\EVENTINVENTORY.OBJ
G:\SOURCE MU\SOURCE\GAMESERVER_UP15\GAMESERVER\RELEASE\GAMESERVER_EX603\EVENTKILLALL.OBJ
G:\SOURCE MU\SOURCE\GAMESERVER_UP15\GAMESERVER\RELEASE\GAMESERVER_EX603\EVENTPVP.OBJ
G:\SOURCE MU\SOURCE\GAMESERVER_UP15\GAMESERVER\RELEASE\GAMESERVER_EX603\EVENTQUICKLY.OBJ
G:\SOURCE MU\SOURCE\GAMESERVER_UP15\GAMESERVER\RELEASE\GAMESERVER_EX603\EVENTRUNANDCATCH.OBJ
G:\SOURCE MU\SOURCE\GAMESERVER_UP15\GAMESERVER\RELEASE\GAMESERVER_EX603\EVENTRUSSIANROULETTE.OBJ
G:\SOURCE MU\SOURCE\GAMESERVER_UP15\GAMESERVER\RELEASE\GAMESERVER_EX603\EVENTSTART.OBJ
G:\SOURCE MU\SOURCE\GAMESERVER_UP15\GAMESERVER\RELEASE\GAMESERVER_EX603\EVENTTVT.OBJ
G:\SOURCE MU\SOURCE\GAMESERVER_UP15\GAMESERVER\RELEASE\GAMESERVER_EX603\EXPERIENCETABLE.OBJ
G:\SOURCE MU\SOURCE\GAMESERVER_UP15\GAMESERVER\RELEASE\GAMESERVER_EX603\FAKEONLINE.OBJ
G:\SOURCE MU\SOURCE\GAMESERVER_UP15\GAMESERVER\RELEASE\GAMESERVER_EX603\FILTER.OBJ
G:\SOURCE MU\SOURCE\GAMESERVER_UP15\GAMESERVER\RELEASE\GAMESERVER_EX603\FILTERRANAME.OBJ
G:\SOURCE MU\SOURCE\GAMESERVER_UP15\GAMESERVER\RELEASE\GAMESERVER_EX603\FLYINGDRAGONS.OBJ
G:\SOURCE MU\SOURCE\GAMESERVER_UP15\GAMESERVER\RELEASE\GAMESERVER_EX603\FRUIT.OBJ
G:\SOURCE MU\SOURCE\GAMESERVER_UP15\GAMESERVER\RELEASE\GAMESERVER_EX603\GAMEMAIN.OBJ
G:\SOURCE MU\SOURCE\GAMESERVER_UP15\GAMESERVER\RELEASE\GAMESERVER_EX603\GAMEMASTER.OBJ
G:\SOURCE MU\SOURCE\GAMESERVER_UP15\GAMESERVER\RELEASE\GAMESERVER_EX603\GAMESERVER.EXE.INTERMEDIATE.MANIFEST
G:\SOURCE MU\SOURCE\GAMESERVER_UP15\GAMESERVER\RELEASE\GAMESERVER_EX603\GAMESERVER.OBJ
G:\SOURCE MU\SOURCE\GAMESERVER_UP15\GAMESERVER\RELEASE\GAMESERVER_EX603\GAMESERVER.PCH
G:\SOURCE MU\SOURCE\GAMESERVER_UP15\GAMESERVER\RELEASE\GAMESERVER_EX603\GAMESERVER.RES
G:\source mu\Source\GameServer_UP15\GameServer\Release\GameServer_EX603\GameServer.vcxprojResolveAssemblyReference.cache
G:\source mu\Source\GameServer_UP15\GameServer\Release\GameServer_EX603\GameServer.write.1.tlog
G:\SOURCE MU\SOURCE\GAMESERVER_UP15\GAMESERVER\RELEASE\GAMESERVER_EX603\GATE.OBJ
G:\SOURCE MU\SOURCE\GAMESERVER_UP15\GAMESERVER\RELEASE\GAMESERVER_EX603\GENSSYSTEM.OBJ
G:\SOURCE MU\SOURCE\GAMESERVER_UP15\GAMESERVER\RELEASE\GAMESERVER_EX603\GUARDIANSTATUE.OBJ
G:\SOURCE MU\SOURCE\GAMESERVER_UP15\GAMESERVER\RELEASE\GAMESERVER_EX603\GUILD.OBJ
G:\SOURCE MU\SOURCE\GAMESERVER_UP15\GAMESERVER\RELEASE\GAMESERVER_EX603\GUILDCLASS.OBJ
G:\SOURCE MU\SOURCE\GAMESERVER_UP15\GAMESERVER\RELEASE\GAMESERVER_EX603\GUILDMATCHING.OBJ
G:\SOURCE MU\SOURCE\GAMESERVER_UP15\GAMESERVER\RELEASE\GAMESERVER_EX603\GUILDUPGRADE.OBJ
G:\SOURCE MU\SOURCE\GAMESERVER_UP15\GAMESERVER\RELEASE\GAMESERVER_EX603\HACKCHECK.OBJ
G:\SOURCE MU\SOURCE\GAMESERVER_UP15\GAMESERVER\RELEASE\GAMESERVER_EX603\HACKPACKETCHECK.OBJ
G:\SOURCE MU\SOURCE\GAMESERVER_UP15\GAMESERVER\RELEASE\GAMESERVER_EX603\HACKSKILLCHECK.OBJ
G:\SOURCE MU\SOURCE\GAMESERVER_UP15\GAMESERVER\RELEASE\GAMESERVER_EX603\HACKXDAMECHECK.OBJ
G:\SOURCE MU\SOURCE\GAMESERVER_UP15\GAMESERVER\RELEASE\GAMESERVER_EX603\HELPER.OBJ
G:\SOURCE MU\SOURCE\GAMESERVER_UP15\GAMESERVER\RELEASE\GAMESERVER_EX603\HUYHIEU.OBJ
G:\SOURCE MU\SOURCE\GAMESERVER_UP15\GAMESERVER\RELEASE\GAMESERVER_EX603\HWIDMANAGER.OBJ
G:\SOURCE MU\SOURCE\GAMESERVER_UP15\GAMESERVER\RELEASE\GAMESERVER_EX603\ILLUSIONTEMPLE.OBJ
G:\SOURCE MU\SOURCE\GAMESERVER_UP15\GAMESERVER\RELEASE\GAMESERVER_EX603\IMPERIALGUARDIAN.OBJ
G:\SOURCE MU\SOURCE\GAMESERVER_UP15\GAMESERVER\RELEASE\GAMESERVER_EX603\INVASIONMANAGER.OBJ
G:\SOURCE MU\SOURCE\GAMESERVER_UP15\GAMESERVER\RELEASE\GAMESERVER_EX603\INVENTORYEQUIPMENT.OBJ
G:\SOURCE MU\SOURCE\GAMESERVER_UP15\GAMESERVER\RELEASE\GAMESERVER_EX603\IPMANAGER.OBJ
G:\SOURCE MU\SOURCE\GAMESERVER_UP15\GAMESERVER\RELEASE\GAMESERVER_EX603\ITEM.OBJ
G:\SOURCE MU\SOURCE\GAMESERVER_UP15\GAMESERVER\RELEASE\GAMESERVER_EX603\ITEMBAG.OBJ
G:\SOURCE MU\SOURCE\GAMESERVER_UP15\GAMESERVER\RELEASE\GAMESERVER_EX603\ITEMBAGEX.OBJ
G:\SOURCE MU\SOURCE\GAMESERVER_UP15\GAMESERVER\RELEASE\GAMESERVER_EX603\ITEMBAGMANAGER.OBJ
G:\SOURCE MU\SOURCE\GAMESERVER_UP15\GAMESERVER\RELEASE\GAMESERVER_EX603\ITEMDROP.OBJ
G:\SOURCE MU\SOURCE\GAMESERVER_UP15\GAMESERVER\RELEASE\GAMESERVER_EX603\ITEMLEVEL.OBJ
G:\SOURCE MU\SOURCE\GAMESERVER_UP15\GAMESERVER\RELEASE\GAMESERVER_EX603\ITEMMANAGER.OBJ
G:\SOURCE MU\SOURCE\GAMESERVER_UP15\GAMESERVER\RELEASE\GAMESERVER_EX603\ITEMMOVE.OBJ
G:\SOURCE MU\SOURCE\GAMESERVER_UP15\GAMESERVER\RELEASE\GAMESERVER_EX603\ITEMOPTION.OBJ
G:\SOURCE MU\SOURCE\GAMESERVER_UP15\GAMESERVER\RELEASE\GAMESERVER_EX603\ITEMOPTIONRATE.OBJ
G:\SOURCE MU\SOURCE\GAMESERVER_UP15\GAMESERVER\RELEASE\GAMESERVER_EX603\ITEMSTACK.OBJ
G:\SOURCE MU\SOURCE\GAMESERVER_UP15\GAMESERVER\RELEASE\GAMESERVER_EX603\ITEMVALUE.OBJ
G:\SOURCE MU\SOURCE\GAMESERVER_UP15\GAMESERVER\RELEASE\GAMESERVER_EX603\ITEMVALUETRADE.OBJ
G:\SOURCE MU\SOURCE\GAMESERVER_UP15\GAMESERVER\RELEASE\GAMESERVER_EX603\JEWELMIX.OBJ
G:\SOURCE MU\SOURCE\GAMESERVER_UP15\GAMESERVER\RELEASE\GAMESERVER_EX603\JEWELOFHARMONYOPTION.OBJ
G:\SOURCE MU\SOURCE\GAMESERVER_UP15\GAMESERVER\RELEASE\GAMESERVER_EX603\JEWELOFHARMONYTYPE.OBJ
G:\SOURCE MU\SOURCE\GAMESERVER_UP15\GAMESERVER\RELEASE\GAMESERVER_EX603\JSPROTOCOL.OBJ
G:\SOURCE MU\SOURCE\GAMESERVER_UP15\GAMESERVER\RELEASE\GAMESERVER_EX603\KALIMA.OBJ
G:\SOURCE MU\SOURCE\GAMESERVER_UP15\GAMESERVER\RELEASE\GAMESERVER_EX603\KANTURU.OBJ
G:\SOURCE MU\SOURCE\GAMESERVER_UP15\GAMESERVER\RELEASE\GAMESERVER_EX603\KANTURUBATTLEOFMAYA.OBJ
G:\SOURCE MU\SOURCE\GAMESERVER_UP15\GAMESERVER\RELEASE\GAMESERVER_EX603\KANTURUBATTLEOFNIGHTMARE.OBJ
G:\SOURCE MU\SOURCE\GAMESERVER_UP15\GAMESERVER\RELEASE\GAMESERVER_EX603\KANTURUBATTLESTANBY.OBJ
G:\SOURCE MU\SOURCE\GAMESERVER_UP15\GAMESERVER\RELEASE\GAMESERVER_EX603\KANTURUBATTLEUSERMNG.OBJ
G:\SOURCE MU\SOURCE\GAMESERVER_UP15\GAMESERVER\RELEASE\GAMESERVER_EX603\KANTURUENTRANCENPC.OBJ
G:\SOURCE MU\SOURCE\GAMESERVER_UP15\GAMESERVER\RELEASE\GAMESERVER_EX603\KANTURUMAYA.OBJ
G:\SOURCE MU\SOURCE\GAMESERVER_UP15\GAMESERVER\RELEASE\GAMESERVER_EX603\KANTURUMONSTERMNG.OBJ
G:\SOURCE MU\SOURCE\GAMESERVER_UP15\GAMESERVER\RELEASE\GAMESERVER_EX603\KANTURUOBJINFO.OBJ
G:\SOURCE MU\SOURCE\GAMESERVER_UP15\GAMESERVER\RELEASE\GAMESERVER_EX603\KANTURUSTATEINFO.OBJ
G:\SOURCE MU\SOURCE\GAMESERVER_UP15\GAMESERVER\RELEASE\GAMESERVER_EX603\KANTURUTOWEROFREFINEMENT.OBJ
G:\SOURCE MU\SOURCE\GAMESERVER_UP15\GAMESERVER\RELEASE\GAMESERVER_EX603\KANTURUUTIL.OBJ
G:\SOURCE MU\SOURCE\GAMESERVER_UP15\GAMESERVER\RELEASE\GAMESERVER_EX603\LEE.OBJ
G:\SOURCE MU\SOURCE\GAMESERVER_UP15\GAMESERVER\RELEASE\GAMESERVER_EX603\LICENSE.OBJ
G:\SOURCE MU\SOURCE\GAMESERVER_UP15\GAMESERVER\RELEASE\GAMESERVER_EX603\LIFESTONE.OBJ
G:\source mu\Source\GameServer_UP15\GameServer\Release\GameServer_EX603\link.command.1.tlog
G:\source mu\Source\GameServer_UP15\GameServer\Release\GameServer_EX603\link.read.1.tlog
G:\source mu\Source\GameServer_UP15\GameServer\Release\GameServer_EX603\link.write.1.tlog
G:\source mu\Source\GameServer_UP15\GameServer\Release\GameServer_EX603\link-cvtres.read.1.tlog
G:\source mu\Source\GameServer_UP15\GameServer\Release\GameServer_EX603\link-cvtres.write.1.tlog
G:\SOURCE MU\SOURCE\GAMESERVER_UP15\GAMESERVER\RELEASE\GAMESERVER_EX603\LOG.OBJ
G:\SOURCE MU\SOURCE\GAMESERVER_UP15\GAMESERVER\RELEASE\GAMESERVER_EX603\LUCKYCOIN.OBJ
G:\SOURCE MU\SOURCE\GAMESERVER_UP15\GAMESERVER\RELEASE\GAMESERVER_EX603\LUCKYITEM.OBJ
G:\SOURCE MU\SOURCE\GAMESERVER_UP15\GAMESERVER\RELEASE\GAMESERVER_EX603\MAP.OBJ
G:\SOURCE MU\SOURCE\GAMESERVER_UP15\GAMESERVER\RELEASE\GAMESERVER_EX603\MAPITEM.OBJ
G:\SOURCE MU\SOURCE\GAMESERVER_UP15\GAMESERVER\RELEASE\GAMESERVER_EX603\MAPMANAGER.OBJ
G:\SOURCE MU\SOURCE\GAMESERVER_UP15\GAMESERVER\RELEASE\GAMESERVER_EX603\MAPPATH.OBJ
G:\SOURCE MU\SOURCE\GAMESERVER_UP15\GAMESERVER\RELEASE\GAMESERVER_EX603\MAPSERVERMANAGER.OBJ
G:\SOURCE MU\SOURCE\GAMESERVER_UP15\GAMESERVER\RELEASE\GAMESERVER_EX603\MASTERSKILLTREE.OBJ
G:\SOURCE MU\SOURCE\GAMESERVER_UP15\GAMESERVER\RELEASE\GAMESERVER_EX603\MATH.OBJ
G:\SOURCE MU\SOURCE\GAMESERVER_UP15\GAMESERVER\RELEASE\GAMESERVER_EX603\MEMORYALLOCATOR.OBJ
G:\SOURCE MU\SOURCE\GAMESERVER_UP15\GAMESERVER\RELEASE\GAMESERVER_EX603\MEMORYALLOCATORINFO.OBJ
G:\SOURCE MU\SOURCE\GAMESERVER_UP15\GAMESERVER\RELEASE\GAMESERVER_EX603\MEMSCRIPT.OBJ
G:\SOURCE MU\SOURCE\GAMESERVER_UP15\GAMESERVER\RELEASE\GAMESERVER_EX603\MEMSCRIPT2.OBJ
G:\SOURCE MU\SOURCE\GAMESERVER_UP15\GAMESERVER\RELEASE\GAMESERVER_EX603\MERCENARY.OBJ
G:\SOURCE MU\SOURCE\GAMESERVER_UP15\GAMESERVER\RELEASE\GAMESERVER_EX603\MESSAGE.OBJ
G:\SOURCE MU\SOURCE\GAMESERVER_UP15\GAMESERVER\RELEASE\GAMESERVER_EX603\MINIDUMP.OBJ
G:\SOURCE MU\SOURCE\GAMESERVER_UP15\GAMESERVER\RELEASE\GAMESERVER_EX603\MINIMAP.OBJ
G:\SOURCE MU\SOURCE\GAMESERVER_UP15\GAMESERVER\RELEASE\GAMESERVER_EX603\MININGSYSTEM.OBJ
G:\SOURCE MU\SOURCE\GAMESERVER_UP15\GAMESERVER\RELEASE\GAMESERVER_EX603\MONSTER.OBJ
G:\SOURCE MU\SOURCE\GAMESERVER_UP15\GAMESERVER\RELEASE\GAMESERVER_EX603\MONSTERAI.OBJ
G:\SOURCE MU\SOURCE\GAMESERVER_UP15\GAMESERVER\RELEASE\GAMESERVER_EX603\MONSTERAIAGRO.OBJ
G:\SOURCE MU\SOURCE\GAMESERVER_UP15\GAMESERVER\RELEASE\GAMESERVER_EX603\MONSTERAIAUTOMATA.OBJ
G:\SOURCE MU\SOURCE\GAMESERVER_UP15\GAMESERVER\RELEASE\GAMESERVER_EX603\MONSTERAIAUTOMATAINFO.OBJ
G:\SOURCE MU\SOURCE\GAMESERVER_UP15\GAMESERVER\RELEASE\GAMESERVER_EX603\MONSTERAIELEMENT.OBJ
G:\SOURCE MU\SOURCE\GAMESERVER_UP15\GAMESERVER\RELEASE\GAMESERVER_EX603\MONSTERAIELEMENTINFO.OBJ
G:\SOURCE MU\SOURCE\GAMESERVER_UP15\GAMESERVER\RELEASE\GAMESERVER_EX603\MONSTERAIGROUP.OBJ
G:\SOURCE MU\SOURCE\GAMESERVER_UP15\GAMESERVER\RELEASE\GAMESERVER_EX603\MONSTERAIGROUPMEMBER.OBJ
G:\SOURCE MU\SOURCE\GAMESERVER_UP15\GAMESERVER\RELEASE\GAMESERVER_EX603\MONSTERAIMOVEPATH.OBJ
G:\SOURCE MU\SOURCE\GAMESERVER_UP15\GAMESERVER\RELEASE\GAMESERVER_EX603\MONSTERAIMOVEPATHINFO.OBJ
G:\SOURCE MU\SOURCE\GAMESERVER_UP15\GAMESERVER\RELEASE\GAMESERVER_EX603\MONSTERAIRULE.OBJ
G:\SOURCE MU\SOURCE\GAMESERVER_UP15\GAMESERVER\RELEASE\GAMESERVER_EX603\MONSTERAIRULEINFO.OBJ
G:\SOURCE MU\SOURCE\GAMESERVER_UP15\GAMESERVER\RELEASE\GAMESERVER_EX603\MONSTERAISTATE.OBJ
G:\SOURCE MU\SOURCE\GAMESERVER_UP15\GAMESERVER\RELEASE\GAMESERVER_EX603\MONSTERAIUNIT.OBJ
G:\SOURCE MU\SOURCE\GAMESERVER_UP15\GAMESERVER\RELEASE\GAMESERVER_EX603\MONSTERAIUNITINFO.OBJ
G:\SOURCE MU\SOURCE\GAMESERVER_UP15\GAMESERVER\RELEASE\GAMESERVER_EX603\MONSTERAIUTIL.OBJ
G:\SOURCE MU\SOURCE\GAMESERVER_UP15\GAMESERVER\RELEASE\GAMESERVER_EX603\MONSTERMANAGER.OBJ
G:\SOURCE MU\SOURCE\GAMESERVER_UP15\GAMESERVER\RELEASE\GAMESERVER_EX603\MONSTERSETBASE.OBJ
G:\SOURCE MU\SOURCE\GAMESERVER_UP15\GAMESERVER\RELEASE\GAMESERVER_EX603\MONSTERSKILLELEMENT.OBJ
G:\SOURCE MU\SOURCE\GAMESERVER_UP15\GAMESERVER\RELEASE\GAMESERVER_EX603\MONSTERSKILLELEMENTINFO.OBJ
G:\SOURCE MU\SOURCE\GAMESERVER_UP15\GAMESERVER\RELEASE\GAMESERVER_EX603\MONSTERSKILLELEMENTOPTION.OBJ
G:\SOURCE MU\SOURCE\GAMESERVER_UP15\GAMESERVER\RELEASE\GAMESERVER_EX603\MONSTERSKILLINFO.OBJ
G:\SOURCE MU\SOURCE\GAMESERVER_UP15\GAMESERVER\RELEASE\GAMESERVER_EX603\MONSTERSKILLMANAGER.OBJ
G:\SOURCE MU\SOURCE\GAMESERVER_UP15\GAMESERVER\RELEASE\GAMESERVER_EX603\MONSTERSKILLUNIT.OBJ
G:\SOURCE MU\SOURCE\GAMESERVER_UP15\GAMESERVER\RELEASE\GAMESERVER_EX603\MONSTERSKILLUNITINFO.OBJ
G:\SOURCE MU\SOURCE\GAMESERVER_UP15\GAMESERVER\RELEASE\GAMESERVER_EX603\MOSSMERCHANT.OBJ
G:\SOURCE MU\SOURCE\GAMESERVER_UP15\GAMESERVER\RELEASE\GAMESERVER_EX603\MOVE.OBJ
G:\SOURCE MU\SOURCE\GAMESERVER_UP15\GAMESERVER\RELEASE\GAMESERVER_EX603\MOVESUMMON.OBJ
G:\source mu\Source\GameServer_UP15\GameServer\Release\GameServer_EX603\mt.command.1.tlog
G:\source mu\Source\GameServer_UP15\GameServer\Release\GameServer_EX603\mt.read.1.tlog
G:\source mu\Source\GameServer_UP15\GameServer\Release\GameServer_EX603\mt.write.1.tlog
G:\SOURCE MU\SOURCE\GAMESERVER_UP15\GAMESERVER\RELEASE\GAMESERVER_EX603\MURUMMY.OBJ
G:\SOURCE MU\SOURCE\GAMESERVER_UP15\GAMESERVER\RELEASE\GAMESERVER_EX603\MUUNSYSTEM.OBJ
G:\SOURCE MU\SOURCE\GAMESERVER_UP15\GAMESERVER\RELEASE\GAMESERVER_EX603\NEWCUSTOMFUNCTIONS.OBJ
G:\SOURCE MU\SOURCE\GAMESERVER_UP15\GAMESERVER\RELEASE\GAMESERVER_EX603\NEWUIMYINVENTORY.OBJ
G:\SOURCE MU\SOURCE\GAMESERVER_UP15\GAMESERVER\RELEASE\GAMESERVER_EX603\NOTICE.OBJ
G:\SOURCE MU\SOURCE\GAMESERVER_UP15\GAMESERVER\RELEASE\GAMESERVER_EX603\NPCTALK.OBJ
G:\SOURCE MU\SOURCE\GAMESERVER_UP15\GAMESERVER\RELEASE\GAMESERVER_EX603\OBJECTMANAGER.OBJ
G:\SOURCE MU\SOURCE\GAMESERVER_UP15\GAMESERVER\RELEASE\GAMESERVER_EX603\OFFLINEMODE.OBJ
G:\SOURCE MU\SOURCE\GAMESERVER_UP15\GAMESERVER\RELEASE\GAMESERVER_EX603\PACKETMANAGER.OBJ
G:\SOURCE MU\SOURCE\GAMESERVER_UP15\GAMESERVER\RELEASE\GAMESERVER_EX603\PARTY.OBJ
G:\SOURCE MU\SOURCE\GAMESERVER_UP15\GAMESERVER\RELEASE\GAMESERVER_EX603\PARTYMATCHING.OBJ
G:\SOURCE MU\SOURCE\GAMESERVER_UP15\GAMESERVER\RELEASE\GAMESERVER_EX603\PARTYSEARCH.OBJ
G:\SOURCE MU\SOURCE\GAMESERVER_UP15\GAMESERVER\RELEASE\GAMESERVER_EX603\PARTYSETPASS.OBJ
G:\SOURCE MU\SOURCE\GAMESERVER_UP15\GAMESERVER\RELEASE\GAMESERVER_EX603\PATH.OBJ
G:\SOURCE MU\SOURCE\GAMESERVER_UP15\GAMESERVER\RELEASE\GAMESERVER_EX603\PCPOINT.OBJ
G:\SOURCE MU\SOURCE\GAMESERVER_UP15\GAMESERVER\RELEASE\GAMESERVER_EX603\PENTAGRAMSYSTEM.OBJ
G:\SOURCE MU\SOURCE\GAMESERVER_UP15\GAMESERVER\RELEASE\GAMESERVER_EX603\PERSONALSHOP.OBJ
G:\SOURCE MU\SOURCE\GAMESERVER_UP15\GAMESERVER\RELEASE\GAMESERVER_EX603\PREMIUMDROP.OBJ
G:\SOURCE MU\SOURCE\GAMESERVER_UP15\GAMESERVER\RELEASE\GAMESERVER_EX603\PROTECT.OBJ
G:\SOURCE MU\SOURCE\GAMESERVER_UP15\GAMESERVER\RELEASE\GAMESERVER_EX603\PROTOCOL.OBJ
G:\SOURCE MU\SOURCE\GAMESERVER_UP15\GAMESERVER\RELEASE\GAMESERVER_EX603\PUGIXML.OBJ
G:\SOURCE MU\SOURCE\GAMESERVER_UP15\GAMESERVER\RELEASE\GAMESERVER_EX603\QUANHAM.OBJ
G:\SOURCE MU\SOURCE\GAMESERVER_UP15\GAMESERVER\RELEASE\GAMESERVER_EX603\QUEST.OBJ
G:\SOURCE MU\SOURCE\GAMESERVER_UP15\GAMESERVER\RELEASE\GAMESERVER_EX603\QUESTOBJECTIVE.OBJ
G:\SOURCE MU\SOURCE\GAMESERVER_UP15\GAMESERVER\RELEASE\GAMESERVER_EX603\QUESTREWARD.OBJ
G:\SOURCE MU\SOURCE\GAMESERVER_UP15\GAMESERVER\RELEASE\GAMESERVER_EX603\QUESTWORLD.OBJ
G:\SOURCE MU\SOURCE\GAMESERVER_UP15\GAMESERVER\RELEASE\GAMESERVER_EX603\QUESTWORLDOBJECTIVE.OBJ
G:\SOURCE MU\SOURCE\GAMESERVER_UP15\GAMESERVER\RELEASE\GAMESERVER_EX603\QUESTWORLDREWARD.OBJ
G:\SOURCE MU\SOURCE\GAMESERVER_UP15\GAMESERVER\RELEASE\GAMESERVER_EX603\QUEUE.OBJ
G:\SOURCE MU\SOURCE\GAMESERVER_UP15\GAMESERVER\RELEASE\GAMESERVER_EX603\QUEUETIMER.OBJ
G:\SOURCE MU\SOURCE\GAMESERVER_UP15\GAMESERVER\RELEASE\GAMESERVER_EX603\RAKLION.OBJ
G:\SOURCE MU\SOURCE\GAMESERVER_UP15\GAMESERVER\RELEASE\GAMESERVER_EX603\RAKLIONBATTLEOFSELUPAN.OBJ
G:\SOURCE MU\SOURCE\GAMESERVER_UP15\GAMESERVER\RELEASE\GAMESERVER_EX603\RAKLIONBATTLEUSER.OBJ
G:\SOURCE MU\SOURCE\GAMESERVER_UP15\GAMESERVER\RELEASE\GAMESERVER_EX603\RAKLIONBATTLEUSERMNG.OBJ
G:\SOURCE MU\SOURCE\GAMESERVER_UP15\GAMESERVER\RELEASE\GAMESERVER_EX603\RAKLIONOBJINFO.OBJ
G:\SOURCE MU\SOURCE\GAMESERVER_UP15\GAMESERVER\RELEASE\GAMESERVER_EX603\RAKLIONSELUPAN.OBJ
G:\SOURCE MU\SOURCE\GAMESERVER_UP15\GAMESERVER\RELEASE\GAMESERVER_EX603\RAKLIONUTIL.OBJ
G:\SOURCE MU\SOURCE\GAMESERVER_UP15\GAMESERVER\RELEASE\GAMESERVER_EX603\RAMFIX.OBJ
G:\SOURCE MU\SOURCE\GAMESERVER_UP15\GAMESERVER\RELEASE\GAMESERVER_EX603\RANDOMMANAGER.OBJ
G:\source mu\Source\GameServer_UP15\GameServer\Release\GameServer_EX603\rc.command.1.tlog
G:\source mu\Source\GameServer_UP15\GameServer\Release\GameServer_EX603\rc.read.1.tlog
G:\source mu\Source\GameServer_UP15\GameServer\Release\GameServer_EX603\rc.write.1.tlog
G:\SOURCE MU\SOURCE\GAMESERVER_UP15\GAMESERVER\RELEASE\GAMESERVER_EX603\RECONNECT.OBJ
G:\SOURCE MU\SOURCE\GAMESERVER_UP15\GAMESERVER\RELEASE\GAMESERVER_EX603\REIDOMU.OBJ
G:\SOURCE MU\SOURCE\GAMESERVER_UP15\GAMESERVER\RELEASE\GAMESERVER_EX603\RESETCHANGE.OBJ
G:\SOURCE MU\SOURCE\GAMESERVER_UP15\GAMESERVER\RELEASE\GAMESERVER_EX603\RESETTABLE.OBJ
G:\SOURCE MU\SOURCE\GAMESERVER_UP15\GAMESERVER\RELEASE\GAMESERVER_EX603\RESETTABLEVIP.OBJ
G:\SOURCE MU\SOURCE\GAMESERVER_UP15\GAMESERVER\RELEASE\GAMESERVER_EX603\RESPAWNLOCATION.OBJ
G:\SOURCE MU\SOURCE\GAMESERVER_UP15\GAMESERVER\RELEASE\GAMESERVER_EX603\REWARDSYSTEM.OBJ
G:\SOURCE MU\SOURCE\GAMESERVER_UP15\GAMESERVER\RELEASE\GAMESERVER_EX603\ROYALBATTLEGROUND.OBJ
G:\SOURCE MU\SOURCE\GAMESERVER_UP15\GAMESERVER\RELEASE\GAMESERVER_EX603\RUUDTOKENSELLTEMPLATE.OBJ
G:\SOURCE MU\SOURCE\GAMESERVER_UP15\GAMESERVER\RELEASE\GAMESERVER_EX603\SAUCHANGEITEM.OBJ
G:\SOURCE MU\SOURCE\GAMESERVER_UP15\GAMESERVER\RELEASE\GAMESERVER_EX603\SAUCUSTOMHARMONY.OBJ
G:\SOURCE MU\SOURCE\GAMESERVER_UP15\GAMESERVER\RELEASE\GAMESERVER_EX603\SCHEDULEMANAGER.OBJ
G:\SOURCE MU\SOURCE\GAMESERVER_UP15\GAMESERVER\RELEASE\GAMESERVER_EX603\SERIALCHECK.OBJ
G:\SOURCE MU\SOURCE\GAMESERVER_UP15\GAMESERVER\RELEASE\GAMESERVER_EX603\SERVERDISPLAYER.OBJ
G:\SOURCE MU\SOURCE\GAMESERVER_UP15\GAMESERVER\RELEASE\GAMESERVER_EX603\SERVERINFO.OBJ
G:\SOURCE MU\SOURCE\GAMESERVER_UP15\GAMESERVER\RELEASE\GAMESERVER_EX603\SETITEMOPTION.OBJ
G:\SOURCE MU\SOURCE\GAMESERVER_UP15\GAMESERVER\RELEASE\GAMESERVER_EX603\SETITEMTYPE.OBJ
G:\SOURCE MU\SOURCE\GAMESERVER_UP15\GAMESERVER\RELEASE\GAMESERVER_EX603\SHOP.OBJ
G:\SOURCE MU\SOURCE\GAMESERVER_UP15\GAMESERVER\RELEASE\GAMESERVER_EX603\SHOPMANAGER.OBJ
G:\SOURCE MU\SOURCE\GAMESERVER_UP15\GAMESERVER\RELEASE\GAMESERVER_EX603\SHOPPOINTEX.OBJ
G:\SOURCE MU\SOURCE\GAMESERVER_UP15\GAMESERVER\RELEASE\GAMESERVER_EX603\SKILL.OBJ
G:\SOURCE MU\SOURCE\GAMESERVER_UP15\GAMESERVER\RELEASE\GAMESERVER_EX603\SKILLHITBOX.OBJ
G:\SOURCE MU\SOURCE\GAMESERVER_UP15\GAMESERVER\RELEASE\GAMESERVER_EX603\SKILLMANAGER.OBJ
G:\SOURCE MU\SOURCE\GAMESERVER_UP15\GAMESERVER\RELEASE\GAMESERVER_EX603\SKYEVENT.OBJ
G:\SOURCE MU\SOURCE\GAMESERVER_UP15\GAMESERVER\RELEASE\GAMESERVER_EX603\SOCKETITEMOPTION.OBJ
G:\SOURCE MU\SOURCE\GAMESERVER_UP15\GAMESERVER\RELEASE\GAMESERVER_EX603\SOCKETITEMTYPE.OBJ
G:\SOURCE MU\SOURCE\GAMESERVER_UP15\GAMESERVER\RELEASE\GAMESERVER_EX603\SOCKETMANAGER.OBJ
G:\SOURCE MU\SOURCE\GAMESERVER_UP15\GAMESERVER\RELEASE\GAMESERVER_EX603\SOCKETMANAGERUDP.OBJ
G:\SOURCE MU\SOURCE\GAMESERVER_UP15\GAMESERVER\RELEASE\GAMESERVER_EX603\STATSADVANCE.OBJ
G:\SOURCE MU\SOURCE\GAMESERVER_UP15\GAMESERVER\RELEASE\GAMESERVER_EX603\STDAFX.OBJ
G:\SOURCE MU\SOURCE\GAMESERVER_UP15\GAMESERVER\RELEASE\GAMESERVER_EX603\SUMMONSCROLL.OBJ
G:\SOURCE MU\SOURCE\GAMESERVER_UP15\GAMESERVER\RELEASE\GAMESERVER_EX603\TELEPORTMARLON.OBJ
G:\SOURCE MU\SOURCE\GAMESERVER_UP15\GAMESERVER\RELEASE\GAMESERVER_EX603\TEVENTGREATPK.OBJ
G:\SOURCE MU\SOURCE\GAMESERVER_UP15\GAMESERVER\RELEASE\GAMESERVER_EX603\THUEFLAG.OBJ
G:\SOURCE MU\SOURCE\GAMESERVER_UP15\GAMESERVER\RELEASE\GAMESERVER_EX603\THUMUADOEXC.OBJ
G:\SOURCE MU\SOURCE\GAMESERVER_UP15\GAMESERVER\RELEASE\GAMESERVER_EX603\THUONGDANHBOSS.OBJ
G:\SOURCE MU\SOURCE\GAMESERVER_UP15\GAMESERVER\RELEASE\GAMESERVER_EX603\TRADE.OBJ
G:\SOURCE MU\SOURCE\GAMESERVER_UP15\GAMESERVER\RELEASE\GAMESERVER_EX603\TULUYEN.OBJ
G:\SOURCE MU\SOURCE\GAMESERVER_UP15\GAMESERVER\RELEASE\GAMESERVER_EX603\UNION.OBJ
G:\SOURCE MU\SOURCE\GAMESERVER_UP15\GAMESERVER\RELEASE\GAMESERVER_EX603\UNIONINFO.OBJ
G:\SOURCE MU\SOURCE\GAMESERVER_UP15\GAMESERVER\RELEASE\GAMESERVER_EX603\USER.OBJ
G:\SOURCE MU\SOURCE\GAMESERVER_UP15\GAMESERVER\RELEASE\GAMESERVER_EX603\UTIL.OBJ
G:\SOURCE MU\SOURCE\GAMESERVER_UP15\GAMESERVER\RELEASE\GAMESERVER_EX603\VC100.PDB
G:\SOURCE MU\SOURCE\GAMESERVER_UP15\GAMESERVER\RELEASE\GAMESERVER_EX603\VIEWPORT.OBJ
G:\SOURCE MU\SOURCE\GAMESERVER_UP15\GAMESERVER\RELEASE\GAMESERVER_EX603\WAREHOUSE.OBJ
G:\SOURCE MU\SOURCE\GAMESERVER_UP15\GAMESERVER\RELEASE\GAMESERVER_EX603\ZENDROP.OBJ
