Build started 4/6/26 16:03:22.
     1>Project "G:\source mu\Source\GameServer_UP15\GameServer\GameServer.vcxproj" on node 2 (build target(s)).
       Project file contains ToolsVersion="12.0". This toolset may be unknown or missing, in which case you may be able to resolve this by installing the appropriate version of MSBuild, or the build may have been forced to a particular ToolsVersion for policy reasons. Treating the project as if it had ToolsVersion="4.0". For more information, please see http://go.microsoft.com/fwlink/?LinkId=291333.
     1>C:\Program Files (x86)\MSBuild\Microsoft.Cpp\v4.0\Microsoft.CppBuild.targets(299,5): warning MSB8004: Output Directory does not end with a trailing slash.  This build instance will add the slash as it is required to allow proper evaluation of the Output Directory.
     1>InitializeBuildStatus:
         Creating "Release\GameServer_EX603\GameServer.unsuccessfulbuild" because "AlwaysCreate" was specified.
       ClCompile:
         All outputs are up-to-date.
         C:\Program Files (x86)\Microsoft Visual Studio 10.0\VC\bin\CL.exe /c /Zi /nologo /W3 /WX- /O2 /Oi /Oy- /GL /D WIN32 /D NDEBUG /D _WINDOWS /D GAMESERVER_TYPE=0 /D GAMESERVER_UPDATE=603 /D GAMESERVER_LANGUAGE=1 /D _MBCS /Gm- /EHsc /MD /GS /Gy /fp:precise /Zc:wchar_t /Zc:forScope /Yu"StdAfx.h" /Fp"Release\GameServer_EX603\GameServer.pch" /Fo"Release\GameServer_EX603\\" /Fd"Release\GameServer_EX603\vc100.pdb" /Gd /TP /analyze- /errorReport:prompt B_MocNap.cpp BattleRoyale.cpp BloodCastle.cpp CTCMini.cpp ChaosBox.cpp ChaosCastle.cpp ChienTruongCo.cpp CommandManager.cpp Crywolf.cpp CustomArena.cpp CustomOnlineLottery.cpp CustomQuiz.cpp CustomVongQuay.cpp DSProtocol.cpp DevilSquare.cpp DoubleGoer.cpp EventHideAndSeek.cpp EventInventory.cpp IllusionTemple.cpp ImperialGuardian.cpp ItemBag.cpp ItemBagManager.cpp ItemManager.cpp LuckyCoin.cpp Monster.cpp MuRummy.cpp NpcTalk.cpp ObjectManager.cpp RoyalBattleGround.cpp ServerInfo.cpp TEventGreatPK.cpp
         B_MocNap.cpp
     1>B_MocNap.cpp(132): warning C4172: returning address of local variable or temporary
     1>B_MocNap.cpp(285): warning C4996: 'localtime': This function or variable may be unsafe. Consider using localtime_s instead. To disable deprecation, use _CRT_SECURE_NO_WARNINGS. See online help for details.
                 C:\Program Files (x86)\Microsoft Visual Studio 10.0\VC\include\time.inl(112) : see declaration of 'localtime'
     1>B_MocNap.cpp(381): warning C4244: 'argument' : conversion from 'short' to 'BYTE', possible loss of data
     1>B_MocNap.cpp(381): warning C4244: 'argument' : conversion from 'short' to 'BYTE', possible loss of data
     1>B_MocNap.cpp(385): warning C4244: 'argument' : conversion from 'short' to 'BYTE', possible loss of data
     1>B_MocNap.cpp(385): warning C4244: 'argument' : conversion from 'short' to 'BYTE', possible loss of data
     1>B_MocNap.cpp(415): warning C4018: '<' : signed/unsigned mismatch
     1>B_MocNap.cpp(425): warning C4996: 'localtime': This function or variable may be unsafe. Consider using localtime_s instead. To disable deprecation, use _CRT_SECURE_NO_WARNINGS. See online help for details.
                 C:\Program Files (x86)\Microsoft Visual Studio 10.0\VC\include\time.inl(112) : see declaration of 'localtime'
         BattleRoyale.cpp
     1>BattleRoyale.cpp(301): warning C4172: returning address of local variable or temporary
     1>BattleRoyale.cpp(801): warning C4018: '<' : signed/unsigned mismatch
     1>BattleRoyale.cpp(1168): warning C4996: 'localtime': This function or variable may be unsafe. Consider using localtime_s instead. To disable deprecation, use _CRT_SECURE_NO_WARNINGS. See online help for details.
                 C:\Program Files (x86)\Microsoft Visual Studio 10.0\VC\include\time.inl(112) : see declaration of 'localtime'
     1>BattleRoyale.cpp(1483): warning C4018: '<' : signed/unsigned mismatch
     1>BattleRoyale.cpp(1499): warning C4018: '<' : signed/unsigned mismatch
     1>BattleRoyale.cpp(1518): warning C4018: '<' : signed/unsigned mismatch
     1>BattleRoyale.cpp(1685): warning C4018: '>' : signed/unsigned mismatch
     1>BattleRoyale.cpp(1698): warning C4244: '=' : conversion from 'long' to 'short', possible loss of data
     1>BattleRoyale.cpp(1699): warning C4244: '=' : conversion from 'long' to 'short', possible loss of data
     1>BattleRoyale.cpp(1705): warning C4244: 'argument' : conversion from 'short' to 'BYTE', possible loss of data
     1>BattleRoyale.cpp(1705): warning C4244: 'argument' : conversion from 'short' to 'BYTE', possible loss of data
     1>BattleRoyale.cpp(1705): warning C4244: 'argument' : conversion from 'short' to 'BYTE', possible loss of data
     1>BattleRoyale.cpp(1705): warning C4244: 'argument' : conversion from 'short' to 'BYTE', possible loss of data
     1>BattleRoyale.cpp(1705): warning C4244: 'argument' : conversion from 'short' to 'BYTE', possible loss of data
     1>BattleRoyale.cpp(1705): warning C4244: 'argument' : conversion from 'short' to 'BYTE', possible loss of data
     1>BattleRoyale.cpp(1705): warning C4244: 'argument' : conversion from 'short' to 'BYTE', possible loss of data
         BloodCastle.cpp
     1>BloodCastle.cpp(2350): warning C4996: 'localtime': This function or variable may be unsafe. Consider using localtime_s instead. To disable deprecation, use _CRT_SECURE_NO_WARNINGS. See online help for details.
                 C:\Program Files (x86)\Microsoft Visual Studio 10.0\VC\include\time.inl(112) : see declaration of 'localtime'
         CTCMini.cpp
     1>g:\source mu\source\gameserver_up15\gameserver\CTCMini.h(201): warning C4305: 'initializing' : truncation from 'int' to 'const BYTE'
     1>g:\source mu\source\gameserver_up15\gameserver\CTCMini.h(201): warning C4309: 'initializing' : truncation of constant value
     1>CTCMini.cpp(1335): warning C4996: 'localtime': This function or variable may be unsafe. Consider using localtime_s instead. To disable deprecation, use _CRT_SECURE_NO_WARNINGS. See online help for details.
                 C:\Program Files (x86)\Microsoft Visual Studio 10.0\VC\include\time.inl(112) : see declaration of 'localtime'
         ChaosBox.cpp
     1>ChaosBox.cpp(1127): warning C4101: 'ItemInfo' : unreferenced local variable
     1>ChaosBox.cpp(1196): warning C4101: 'ItemInfo' : unreferenced local variable
     1>ChaosBox.cpp(3918): warning C4244: 'initializing' : conversion from 'long' to 'short', possible loss of data
         ChaosCastle.cpp
     1>ChaosCastle.cpp(1884): warning C4996: 'localtime': This function or variable may be unsafe. Consider using localtime_s instead. To disable deprecation, use _CRT_SECURE_NO_WARNINGS. See online help for details.
                 C:\Program Files (x86)\Microsoft Visual Studio 10.0\VC\include\time.inl(112) : see declaration of 'localtime'
         ChienTruongCo.cpp
         CommandManager.cpp
     1>CommandManager.cpp(788): warning C4244: 'initializing' : conversion from 'long' to 'short', possible loss of data
         Crywolf.cpp
         CustomArena.cpp
     1>CustomArena.cpp(218): warning C4172: returning address of local variable or temporary
         CustomOnlineLottery.cpp
         CustomQuiz.cpp
     1>CustomQuiz.cpp(436): warning C4996: '_strlwr': This function or variable may be unsafe. Consider using _strlwr_s instead. To disable deprecation, use _CRT_SECURE_NO_WARNINGS. See online help for details.
                 C:\Program Files (x86)\Microsoft Visual Studio 10.0\VC\include\string.h(164) : see declaration of '_strlwr'
     1>CustomQuiz.cpp(468): warning C4996: 'localtime': This function or variable may be unsafe. Consider using localtime_s instead. To disable deprecation, use _CRT_SECURE_NO_WARNINGS. See online help for details.
                 C:\Program Files (x86)\Microsoft Visual Studio 10.0\VC\include\time.inl(112) : see declaration of 'localtime'
         CustomVongQuay.cpp
     1>CustomVongQuay.cpp(134): warning C4172: returning address of local variable or temporary
     1>CustomVongQuay.cpp(290): warning C4996: 'localtime': This function or variable may be unsafe. Consider using localtime_s instead. To disable deprecation, use _CRT_SECURE_NO_WARNINGS. See online help for details.
                 C:\Program Files (x86)\Microsoft Visual Studio 10.0\VC\include\time.inl(112) : see declaration of 'localtime'
     1>CustomVongQuay.cpp(339): warning C4018: '<' : signed/unsigned mismatch
     1>CustomVongQuay.cpp(348): warning C4996: 'localtime': This function or variable may be unsafe. Consider using localtime_s instead. To disable deprecation, use _CRT_SECURE_NO_WARNINGS. See online help for details.
                 C:\Program Files (x86)\Microsoft Visual Studio 10.0\VC\include\time.inl(112) : see declaration of 'localtime'
     1>CustomVongQuay.cpp(364): warning C4244: 'argument' : conversion from 'short' to 'BYTE', possible loss of data
     1>CustomVongQuay.cpp(364): warning C4244: 'argument' : conversion from 'short' to 'BYTE', possible loss of data
     1>CustomVongQuay.cpp(368): warning C4244: 'argument' : conversion from 'short' to 'BYTE', possible loss of data
     1>CustomVongQuay.cpp(368): warning C4244: 'argument' : conversion from 'short' to 'BYTE', possible loss of data
         DSProtocol.cpp
         DevilSquare.cpp
     1>DevilSquare.cpp(1616): warning C4996: 'localtime': This function or variable may be unsafe. Consider using localtime_s instead. To disable deprecation, use _CRT_SECURE_NO_WARNINGS. See online help for details.
                 C:\Program Files (x86)\Microsoft Visual Studio 10.0\VC\include\time.inl(112) : see declaration of 'localtime'
         DoubleGoer.cpp
         EventHideAndSeek.cpp
         EventInventory.cpp
         IllusionTemple.cpp
     1>IllusionTemple.cpp(2696): warning C4996: 'localtime': This function or variable may be unsafe. Consider using localtime_s instead. To disable deprecation, use _CRT_SECURE_NO_WARNINGS. See online help for details.
                 C:\Program Files (x86)\Microsoft Visual Studio 10.0\VC\include\time.inl(112) : see declaration of 'localtime'
         ImperialGuardian.cpp
         Compiling...
         ItemBag.cpp
     1>ItemBag.cpp(428): warning C4018: '<' : signed/unsigned mismatch
     1>ItemBag.cpp(547): warning C4996: 'localtime': This function or variable may be unsafe. Consider using localtime_s instead. To disable deprecation, use _CRT_SECURE_NO_WARNINGS. See online help for details.
                 C:\Program Files (x86)\Microsoft Visual Studio 10.0\VC\include\time.inl(112) : see declaration of 'localtime'
         ItemBagManager.cpp
     1>ItemBagManager.cpp(229): warning C4800: 'int' : forcing value to bool 'true' or 'false' (performance warning)
     1>ItemBagManager.cpp(233): warning C4800: 'int' : forcing value to bool 'true' or 'false' (performance warning)
     1>ItemBagManager.cpp(253): warning C4800: 'int' : forcing value to bool 'true' or 'false' (performance warning)
     1>ItemBagManager.cpp(257): warning C4800: 'int' : forcing value to bool 'true' or 'false' (performance warning)
         ItemManager.cpp
         LuckyCoin.cpp
         Monster.cpp
     1>g:\source mu\source\gameserver_up15\gameserver\CTCMini.h(201): warning C4305: 'initializing' : truncation from 'int' to 'const BYTE'
     1>g:\source mu\source\gameserver_up15\gameserver\CTCMini.h(201): warning C4309: 'initializing' : truncation of constant value
     1>Monster.cpp(720): warning C4244: '=' : conversion from 'float' to 'int', possible loss of data
     1>Monster.cpp(730): warning C4244: '=' : conversion from 'float' to 'int', possible loss of data
         MuRummy.cpp
         NpcTalk.cpp
     1>g:\source mu\source\gameserver_up15\gameserver\CTCMini.h(201): warning C4305: 'initializing' : truncation from 'int' to 'const BYTE'
     1>g:\source mu\source\gameserver_up15\gameserver\CTCMini.h(201): warning C4309: 'initializing' : truncation of constant value
     1>g:\source mu\source\gameserver_up15\gameserver\BDungLuyenItem.h(84): warning C4091: 'typedef ' : ignored on left of 'VCSEV_COUNTLIST' when no variable is declared
         ObjectManager.cpp
     1>g:\source mu\source\gameserver_up15\gameserver\CTCMini.h(201): warning C4305: 'initializing' : truncation from 'int' to 'const BYTE'
     1>g:\source mu\source\gameserver_up15\gameserver\CTCMini.h(201): warning C4309: 'initializing' : truncation of constant value
     1>g:\source mu\source\gameserver_up15\gameserver\BDungLuyenItem.h(84): warning C4091: 'typedef ' : ignored on left of 'VCSEV_COUNTLIST' when no variable is declared
     1>ObjectManager.cpp(1031): warning C4018: '<' : signed/unsigned mismatch
     1>ObjectManager.cpp(1373): warning C4244: 'argument' : conversion from 'int' to 'float', possible loss of data
     1>ObjectManager.cpp(1377): warning C4244: 'argument' : conversion from 'int' to 'float', possible loss of data
     1>ObjectManager.cpp(1439): warning C4244: '=' : conversion from 'float' to 'QWORD', possible loss of data
     1>ObjectManager.cpp(1453): warning C4244: '=' : conversion from 'float' to 'QWORD', possible loss of data
         RoyalBattleGround.cpp
     1>RoyalBattleGround.cpp(116): warning C4800: 'int' : forcing value to bool 'true' or 'false' (performance warning)
     1>RoyalBattleGround.cpp(300): warning C4482: nonstandard extension used: enum 'RBG_STATE' used in qualified name
     1>RoyalBattleGround.cpp(303): warning C4482: nonstandard extension used: enum 'RBG_STATE' used in qualified name
     1>RoyalBattleGround.cpp(306): warning C4482: nonstandard extension used: enum 'RBG_STATE' used in qualified name
     1>RoyalBattleGround.cpp(309): warning C4482: nonstandard extension used: enum 'RBG_STATE' used in qualified name
     1>RoyalBattleGround.cpp(312): warning C4482: nonstandard extension used: enum 'RBG_STATE' used in qualified name
     1>RoyalBattleGround.cpp(315): warning C4482: nonstandard extension used: enum 'RBG_STATE' used in qualified name
     1>RoyalBattleGround.cpp(318): warning C4482: nonstandard extension used: enum 'RBG_STATE' used in qualified name
     1>RoyalBattleGround.cpp(321): warning C4482: nonstandard extension used: enum 'RBG_STATE' used in qualified name
     1>RoyalBattleGround.cpp(324): warning C4482: nonstandard extension used: enum 'RBG_STATE' used in qualified name
     1>RoyalBattleGround.cpp(339): warning C4482: nonstandard extension used: enum 'RBG_STATE' used in qualified name
     1>RoyalBattleGround.cpp(356): warning C4482: nonstandard extension used: enum 'RBG_STATE' used in qualified name
     1>RoyalBattleGround.cpp(385): warning C4482: nonstandard extension used: enum 'RBG_STATE' used in qualified name
     1>RoyalBattleGround.cpp(389): warning C4482: nonstandard extension used: enum 'RBG_STATE' used in qualified name
     1>RoyalBattleGround.cpp(389): warning C4482: nonstandard extension used: enum 'RBG_STATE' used in qualified name
     1>RoyalBattleGround.cpp(410): warning C4482: nonstandard extension used: enum 'RBG_STATE' used in qualified name
     1>RoyalBattleGround.cpp(439): warning C4482: nonstandard extension used: enum 'RBG_STATE' used in qualified name
     1>RoyalBattleGround.cpp(443): warning C4482: nonstandard extension used: enum 'RBG_STATE' used in qualified name
     1>RoyalBattleGround.cpp(463): warning C4482: nonstandard extension used: enum 'RBG_STATE' used in qualified name
     1>RoyalBattleGround.cpp(476): warning C4482: nonstandard extension used: enum 'RBG_STATE' used in qualified name
     1>RoyalBattleGround.cpp(477): warning C4482: nonstandard extension used: enum 'RBG_STATE' used in qualified name
     1>RoyalBattleGround.cpp(494): warning C4482: nonstandard extension used: enum 'RBG_STATE' used in qualified name
     1>RoyalBattleGround.cpp(495): warning C4482: nonstandard extension used: enum 'RBG_STATE' used in qualified name
     1>RoyalBattleGround.cpp(512): warning C4482: nonstandard extension used: enum 'RBG_STATE' used in qualified name
     1>RoyalBattleGround.cpp(513): warning C4482: nonstandard extension used: enum 'RBG_STATE' used in qualified name
     1>RoyalBattleGround.cpp(529): warning C4482: nonstandard extension used: enum 'RBG_STATE' used in qualified name
     1>RoyalBattleGround.cpp(580): warning C4482: nonstandard extension used: enum 'RBG_STATE' used in qualified name
     1>RoyalBattleGround.cpp(586): warning C4482: nonstandard extension used: enum 'RBG_STATE' used in qualified name
     1>RoyalBattleGround.cpp(780): warning C4018: '<' : signed/unsigned mismatch
     1>RoyalBattleGround.cpp(785): warning C4018: '<' : signed/unsigned mismatch
     1>RoyalBattleGround.cpp(790): warning C4018: '<' : signed/unsigned mismatch
     1>RoyalBattleGround.cpp(796): warning C4146: unary minus operator applied to unsigned type, result still unsigned
     1>RoyalBattleGround.cpp(796): warning C4146: unary minus operator applied to unsigned type, result still unsigned
     1>RoyalBattleGround.cpp(796): warning C4146: unary minus operator applied to unsigned type, result still unsigned
     1>RoyalBattleGround.cpp(989): warning C4482: nonstandard extension used: enum 'RBG_STATE' used in qualified name
     1>RoyalBattleGround.cpp(1146): warning C4018: '<' : signed/unsigned mismatch
     1>RoyalBattleGround.cpp(1169): warning C4244: 'argument' : conversion from 'long' to 'short', possible loss of data
     1>RoyalBattleGround.cpp(1169): warning C4244: 'argument' : conversion from 'long' to 'short', possible loss of data
     1>RoyalBattleGround.cpp(1201): warning C4018: '>' : signed/unsigned mismatch
     1>RoyalBattleGround.cpp(1214): warning C4244: '=' : conversion from 'long' to 'short', possible loss of data
     1>RoyalBattleGround.cpp(1215): warning C4244: '=' : conversion from 'long' to 'short', possible loss of data
     1>RoyalBattleGround.cpp(1221): warning C4244: 'argument' : conversion from 'short' to 'BYTE', possible loss of data
     1>RoyalBattleGround.cpp(1221): warning C4244: 'argument' : conversion from 'short' to 'BYTE', possible loss of data
     1>RoyalBattleGround.cpp(1221): warning C4244: 'argument' : conversion from 'short' to 'BYTE', possible loss of data
     1>RoyalBattleGround.cpp(1221): warning C4244: 'argument' : conversion from 'short' to 'BYTE', possible loss of data
     1>RoyalBattleGround.cpp(1221): warning C4244: 'argument' : conversion from 'short' to 'BYTE', possible loss of data
     1>RoyalBattleGround.cpp(1221): warning C4244: 'argument' : conversion from 'short' to 'BYTE', possible loss of data
     1>RoyalBattleGround.cpp(1221): warning C4244: 'argument' : conversion from 'short' to 'BYTE', possible loss of data
     1>RoyalBattleGround.cpp(1283): warning C4244: 'initializing' : conversion from 'float' to 'int', possible loss of data
     1>RoyalBattleGround.cpp(1288): warning C4244: 'argument' : conversion from 'int' to 'float', possible loss of data
     1>RoyalBattleGround.cpp(1288): warning C4244: 'argument' : conversion from 'int' to 'float', possible loss of data
     1>RoyalBattleGround.cpp(1390): warning C4018: '<' : signed/unsigned mismatch
     1>RoyalBattleGround.cpp(1415): warning C4018: '<' : signed/unsigned mismatch
     1>RoyalBattleGround.cpp(1430): warning C4018: '<' : signed/unsigned mismatch
     1>RoyalBattleGround.cpp(1639): warning C4244: '=' : conversion from 'time_t' to 'int', possible loss of data
         ServerInfo.cpp
     1>g:\source mu\source\gameserver_up15\gameserver\CTCMini.h(201): warning C4305: 'initializing' : truncation from 'int' to 'const BYTE'
     1>g:\source mu\source\gameserver_up15\gameserver\CTCMini.h(201): warning C4309: 'initializing' : truncation of constant value
     1>g:\source mu\source\gameserver_up15\gameserver\BDungLuyenItem.h(84): warning C4091: 'typedef ' : ignored on left of 'VCSEV_COUNTLIST' when no variable is declared
         TEventGreatPK.cpp
     1>TEventGreatPK.cpp(184): warning C4172: returning address of local variable or temporary
       ResourceCompile:
         All outputs are up-to-date.
       Link:
         C:\Program Files (x86)\Microsoft Visual Studio 10.0\VC\bin\link.exe /ERRORREPORT:PROMPT /OUT:"..\..\..\MuServer\4.Sub-1\GameServer\GameServer.exe" /INCREMENTAL:NO /NOLOGO kernel32.lib user32.lib gdi32.lib winspool.lib comdlg32.lib advapi32.lib shell32.lib ole32.lib oleaut32.lib uuid.lib odbc32.lib odbccp32.lib /MANIFEST /ManifestFile:"Release\GameServer_EX603\GameServer.exe.intermediate.manifest" /MANIFESTUAC:"level='asInvoker' uiAccess='false'" /DEBUG /PDB:"G:\source mu\MuServer\4.Sub-1\GameServer\GameServer.pdb" /SUBSYSTEM:WINDOWS /OPT:REF /OPT:ICF /LTCG /TLBID:1 /DYNAMICBASE /NXCOMPAT /IMPLIB:"..\..\..\MuServer\4.Sub-1\GameServer\GameServer.lib" /MACHINE:X86 Release\GameServer_EX603\GameServer.res
         Release\GameServer_EX603\CCRC32.obj
         Release\GameServer_EX603\Math.obj
         Release\GameServer_EX603\380ItemOption.obj
         Release\GameServer_EX603\380ItemType.obj
         Release\GameServer_EX603\ActiveInvasions.obj
         Release\GameServer_EX603\ArcaBattle.obj
         Release\GameServer_EX603\Attack.obj
         Release\GameServer_EX603\BAntihack.obj
         Release\GameServer_EX603\BattleGround.obj
         Release\GameServer_EX603\BattleSoccer.obj
         Release\GameServer_EX603\BattleSoccerManager.obj
         Release\GameServer_EX603\BCustomEdit.obj
         Release\GameServer_EX603\BCustomItemBank.obj
         Release\GameServer_EX603\BCustomSkinModel.obj
         Release\GameServer_EX603\BDungLuyenItem.obj
         Release\GameServer_EX603\BEventThanMa.obj
         Release\GameServer_EX603\BHonHoan.obj
         Release\GameServer_EX603\BloodCastle.obj
         Release\GameServer_EX603\BonusManager.obj
         Release\GameServer_EX603\BotAlchemist.obj
         Release\GameServer_EX603\BotBuffer.obj
         Release\GameServer_EX603\BotOnline.obj
         Release\GameServer_EX603\BotStore.obj
         Release\GameServer_EX603\BotTrade.obj
         Release\GameServer_EX603\B_MocNap.obj
         Release\GameServer_EX603\CannonTower.obj
         Release\GameServer_EX603\CashShop.obj
         Release\GameServer_EX603\CastleDeep.obj
         Release\GameServer_EX603\CastleSiege.obj
         Release\GameServer_EX603\CastleSiegeCrown.obj
         Release\GameServer_EX603\CastleSiegeCrownSwitch.obj
         Release\GameServer_EX603\CastleSiegeSync.obj
         Release\GameServer_EX603\CastleSiegeWeapon.obj
         Release\GameServer_EX603\CBCongHuong.obj
         Release\GameServer_EX603\CCRC32.obj
         Release\GameServer_EX603\ChaosBox.obj
         Release\GameServer_EX603\ChaosCastle.obj
         Release\GameServer_EX603\ChienTruongCo.obj
         Release\GameServer_EX603\ComboSkill.obj
         Release\GameServer_EX603\Command.obj
         Release\GameServer_EX603\CommandManager.obj
         Release\GameServer_EX603\Connection.obj
         Release\GameServer_EX603\CriticalSection.obj
         Release\GameServer_EX603\Crywolf.obj
         Release\GameServer_EX603\CrywolfAltar.obj
         Release\GameServer_EX603\CrywolfObjInfo.obj
         Release\GameServer_EX603\CrywolfStateTimeInfo.obj
         Release\GameServer_EX603\CrywolfStatue.obj
         Release\GameServer_EX603\CrywolfSync.obj
         Release\GameServer_EX603\CrywolfUtil.obj
         Release\GameServer_EX603\CSProtocol.obj
         Release\GameServer_EX603\CTCMini.obj
         Release\GameServer_EX603\CustomArena.obj
         Release\GameServer_EX603\CustomAttack.obj
         Release\GameServer_EX603\CustomBuyVip.obj
         Release\GameServer_EX603\CustomCombo.obj
         Release\GameServer_EX603\CustomCommandDescription.obj
         Release\GameServer_EX603\CustomDeathMessage.obj
         Release\GameServer_EX603\CustomEventDrop.obj
         Release\GameServer_EX603\CustomEventTime.obj
         Release\GameServer_EX603\CustomGHRS.obj
         Release\GameServer_EX603\CustomJewel.obj
         Release\GameServer_EX603\CustomMoveEvent.obj
         Release\GameServer_EX603\CustomMix.obj
         Release\GameServer_EX603\CustomMonster.obj
         Release\GameServer_EX603\CustomMonsterSkill.obj
         Release\GameServer_EX603\CustomMove.obj
         Release\GameServer_EX603\CustomNpcCollector.obj
         Release\GameServer_EX603\CustomNpcCommand.obj
         Release\GameServer_EX603\CustomNpcMove.obj
         Release\GameServer_EX603\CustomNpcQuest.obj
         Release\GameServer_EX603\CustomOfflineMode.obj
         Release\GameServer_EX603\CustomOnlineLottery.obj
         Release\GameServer_EX603\CustomPet.obj
         Release\GameServer_EX603\CustomPick.obj
         Release\GameServer_EX603\CustomPKFree.obj
         Release\GameServer_EX603\CustomQuest.obj
         Release\GameServer_EX603\CustomQuiz.obj
         Release\GameServer_EX603\CustomRanking.obj
         Release\GameServer_EX603\CustomRankUser.obj
         Release\GameServer_EX603\CustomStartItem.obj
         Release\GameServer_EX603\CustomStartItemDame.obj
         Release\GameServer_EX603\CustomStartSetItemDame.obj
         Release\GameServer_EX603\CustomStore.obj
         Release\GameServer_EX603\CustomTop.obj
         Release\GameServer_EX603\CustomVongQuay.obj
         Release\GameServer_EX603\CustomWing.obj
         Release\GameServer_EX603\CustomWingMix.obj
         Release\GameServer_EX603\DanhHieu.obj
         Release\GameServer_EX603\DarkSpirit.obj
         Release\GameServer_EX603\DefaultClassInfo.obj
         Release\GameServer_EX603\DevilSquare.obj
         Release\GameServer_EX603\DoubleGoer.obj
         Release\GameServer_EX603\DropReward.obj
         Release\GameServer_EX603\DSProtocol.obj
         Release\GameServer_EX603\DucTuong.obj
         Release\GameServer_EX603\Duel.obj
         Release\GameServer_EX603\Effect.obj
         Release\GameServer_EX603\EffectManager.obj
         Release\GameServer_EX603\ESProtocol.obj
         Release\GameServer_EX603\EventHideAndSeek.obj
         Release\GameServer_EX603\EventInventory.obj
         Release\GameServer_EX603\EventKillAll.obj
         Release\GameServer_EX603\EventPvP.obj
         Release\GameServer_EX603\EventQuickly.obj
         Release\GameServer_EX603\EventRunAndCatch.obj
         Release\GameServer_EX603\EventRussianRoulette.obj
         Release\GameServer_EX603\EventStart.obj
         Release\GameServer_EX603\EventTvT.obj
         Release\GameServer_EX603\ExperienceTable.obj
         Release\GameServer_EX603\FakeOnline.obj
         Release\GameServer_EX603\Filter.obj
         Release\GameServer_EX603\FilterRaname.obj
         Release\GameServer_EX603\FlyingDragons.obj
         Release\GameServer_EX603\Fruit.obj
         Release\GameServer_EX603\GameMain.obj
         Release\GameServer_EX603\GameMaster.obj
         Release\GameServer_EX603\GameServer.obj
         Release\GameServer_EX603\Gate.obj
         Release\GameServer_EX603\GensSystem.obj
         Release\GameServer_EX603\GuardianStatue.obj
         Release\GameServer_EX603\Guild.obj
         Release\GameServer_EX603\GuildClass.obj
         Release\GameServer_EX603\GuildMatching.obj
         Release\GameServer_EX603\GuildUpgrade.obj
         Release\GameServer_EX603\HackCheck.obj
         Release\GameServer_EX603\HackPacketCheck.obj
         Release\GameServer_EX603\HackSkillCheck.obj
         Release\GameServer_EX603\HackXDameCheck.obj
         Release\GameServer_EX603\Helper.obj
         Release\GameServer_EX603\huyhieu.obj
         Release\GameServer_EX603\HwidManager.obj
         Release\GameServer_EX603\IllusionTemple.obj
         Release\GameServer_EX603\ImperialGuardian.obj
         Release\GameServer_EX603\InvasionManager.obj
         Release\GameServer_EX603\InventoryEquipment.obj
         Release\GameServer_EX603\IpManager.obj
         Release\GameServer_EX603\Item.obj
         Release\GameServer_EX603\ItemBag.obj
         Release\GameServer_EX603\ItemBagEx.obj
         Release\GameServer_EX603\ItemBagManager.obj
         Release\GameServer_EX603\ItemDrop.obj
         Release\GameServer_EX603\ItemLevel.obj
         Release\GameServer_EX603\ItemManager.obj
         Release\GameServer_EX603\ItemMove.obj
         Release\GameServer_EX603\ItemOption.obj
         Release\GameServer_EX603\ItemOptionRate.obj
         Release\GameServer_EX603\ItemStack.obj
         Release\GameServer_EX603\ItemValue.obj
         Release\GameServer_EX603\ItemValueTrade.obj
         Release\GameServer_EX603\JewelMix.obj
         Release\GameServer_EX603\JewelOfHarmonyOption.obj
         Release\GameServer_EX603\JewelOfHarmonyType.obj
         Release\GameServer_EX603\JSProtocol.obj
         Release\GameServer_EX603\Kalima.obj
         Release\GameServer_EX603\Kanturu.obj
         Release\GameServer_EX603\KanturuBattleOfMaya.obj
         Release\GameServer_EX603\KanturuBattleOfNightmare.obj
         Release\GameServer_EX603\KanturuBattleStanby.obj
         Release\GameServer_EX603\KanturuBattleUserMng.obj
         Release\GameServer_EX603\KanturuEntranceNPC.obj
         Release\GameServer_EX603\KanturuMaya.obj
         Release\GameServer_EX603\KanturuMonsterMng.obj
         Release\GameServer_EX603\KanturuObjInfo.obj
         Release\GameServer_EX603\KanturuStateInfo.obj
         Release\GameServer_EX603\KanturuTowerOfRefinement.obj
         Release\GameServer_EX603\KanturuUtil.obj
         Release\GameServer_EX603\Lee.obj
         Release\GameServer_EX603\License.obj
         Release\GameServer_EX603\LifeStone.obj
         Release\GameServer_EX603\Log.obj
         Release\GameServer_EX603\LuckyCoin.obj
         Release\GameServer_EX603\LuckyItem.obj
         Release\GameServer_EX603\Map.obj
         Release\GameServer_EX603\MapItem.obj
         Release\GameServer_EX603\MapManager.obj
         Release\GameServer_EX603\MapPath.obj
         Release\GameServer_EX603\MapServerManager.obj
         Release\GameServer_EX603\MasterSkillTree.obj
         Release\GameServer_EX603\MemoryAllocator.obj
         Release\GameServer_EX603\MemoryAllocatorInfo.obj
         Release\GameServer_EX603\MemScript.obj
         Release\GameServer_EX603\MemScript2.obj
         Release\GameServer_EX603\Mercenary.obj
         Release\GameServer_EX603\Message.obj
         Release\GameServer_EX603\MiniDump.obj
         Release\GameServer_EX603\MiniMap.obj
         Release\GameServer_EX603\MiningSystem.obj
         Release\GameServer_EX603\Monster.obj
         Release\GameServer_EX603\MonsterAI.obj
         Release\GameServer_EX603\MonsterAIAgro.obj
         Release\GameServer_EX603\MonsterAIAutomata.obj
         Release\GameServer_EX603\MonsterAIAutomataInfo.obj
         Release\GameServer_EX603\MonsterAIElement.obj
         Release\GameServer_EX603\MonsterAIElementInfo.obj
         Release\GameServer_EX603\MonsterAIGroup.obj
         Release\GameServer_EX603\MonsterAIGroupMember.obj
         Release\GameServer_EX603\MonsterAIMovePath.obj
         Release\GameServer_EX603\MonsterAIMovePathInfo.obj
         Release\GameServer_EX603\MonsterAIRule.obj
         Release\GameServer_EX603\MonsterAIRuleInfo.obj
         Release\GameServer_EX603\MonsterAIState.obj
         Release\GameServer_EX603\MonsterAIUnit.obj
         Release\GameServer_EX603\MonsterAIUnitInfo.obj
         Release\GameServer_EX603\MonsterAIUtil.obj
         Release\GameServer_EX603\MonsterManager.obj
         Release\GameServer_EX603\MonsterSetBase.obj
         Release\GameServer_EX603\MonsterSkillElement.obj
         Release\GameServer_EX603\MonsterSkillElementInfo.obj
         Release\GameServer_EX603\MonsterSkillElementOption.obj
         Release\GameServer_EX603\MonsterSkillInfo.obj
         Release\GameServer_EX603\MonsterSkillManager.obj
         Release\GameServer_EX603\MonsterSkillUnit.obj
         Release\GameServer_EX603\MonsterSkillUnitInfo.obj
         Release\GameServer_EX603\MossMerchant.obj
         Release\GameServer_EX603\Move.obj
         Release\GameServer_EX603\MoveSummon.obj
         Release\GameServer_EX603\MuRummy.obj
         Release\GameServer_EX603\MuunSystem.obj
         Release\GameServer_EX603\NewCustomFunctions.obj
         Release\GameServer_EX603\NewUIMyInventory.obj
         Release\GameServer_EX603\Notice.obj
         Release\GameServer_EX603\NpcTalk.obj
         Release\GameServer_EX603\ObjectManager.obj
         Release\GameServer_EX603\OfflineMode.obj
         Release\GameServer_EX603\PacketManager.obj
         Release\GameServer_EX603\Party.obj
         Release\GameServer_EX603\PartyMatching.obj
         Release\GameServer_EX603\PartySearch.obj
         Release\GameServer_EX603\PartySetPass.obj
         Release\GameServer_EX603\Path.obj
         Release\GameServer_EX603\PcPoint.obj
         Release\GameServer_EX603\PentagramSystem.obj
         Release\GameServer_EX603\PersonalShop.obj
         Release\GameServer_EX603\PremiumDrop.obj
         Release\GameServer_EX603\Protect.obj
         Release\GameServer_EX603\Protocol.obj
         Release\GameServer_EX603\pugixml.obj
         Release\GameServer_EX603\QuanHam.obj
         Release\GameServer_EX603\Quest.obj
         Release\GameServer_EX603\QuestObjective.obj
         Release\GameServer_EX603\QuestReward.obj
         Release\GameServer_EX603\QuestWorld.obj
         Release\GameServer_EX603\QuestWorldObjective.obj
         Release\GameServer_EX603\QuestWorldReward.obj
         Release\GameServer_EX603\Queue.obj
         Release\GameServer_EX603\QueueTimer.obj
         Release\GameServer_EX603\Raklion.obj
         Release\GameServer_EX603\RaklionBattleOfSelupan.obj
         Release\GameServer_EX603\RaklionBattleUser.obj
         Release\GameServer_EX603\RaklionBattleUserMng.obj
         Release\GameServer_EX603\RaklionObjInfo.obj
         Release\GameServer_EX603\RaklionSelupan.obj
         Release\GameServer_EX603\RaklionUtil.obj
         Release\GameServer_EX603\RamFix.obj
         Release\GameServer_EX603\RandomManager.obj
         Release\GameServer_EX603\Reconnect.obj
         Release\GameServer_EX603\ReiDoMu.obj
         Release\GameServer_EX603\ResetChange.obj
         Release\GameServer_EX603\ResetTable.obj
         Release\GameServer_EX603\ResetTableVIP.obj
         Release\GameServer_EX603\RespawnLocation.obj
         Release\GameServer_EX603\RewardSystem.obj
         Release\GameServer_EX603\RoyalBattleGround.obj
         Release\GameServer_EX603\RuudTokenSellTemplate.obj
         Release\GameServer_EX603\BattleRoyale.obj
         Release\GameServer_EX603\SauChangeItem.obj
         Release\GameServer_EX603\SauCustomHarmony.obj
         Release\GameServer_EX603\ScheduleManager.obj
         Release\GameServer_EX603\SerialCheck.obj
         Release\GameServer_EX603\ServerDisplayer.obj
         Release\GameServer_EX603\ServerInfo.obj
         Release\GameServer_EX603\SetItemOption.obj
         Release\GameServer_EX603\SetItemType.obj
         Release\GameServer_EX603\Shop.obj
         Release\GameServer_EX603\ShopManager.obj
         Release\GameServer_EX603\ShopPointEx.obj
         Release\GameServer_EX603\Skill.obj
         Release\GameServer_EX603\SkillHitBox.obj
         Release\GameServer_EX603\SkillManager.obj
         Release\GameServer_EX603\SkyEvent.obj
         Release\GameServer_EX603\SocketItemOption.obj
         Release\GameServer_EX603\SocketItemType.obj
         Release\GameServer_EX603\SocketManager.obj
         Release\GameServer_EX603\SocketManagerUdp.obj
         Release\GameServer_EX603\StatsAdvance.obj
         Release\GameServer_EX603\stdafx.obj
         Release\GameServer_EX603\SummonScroll.obj
         Release\GameServer_EX603\TeleportMarlon.obj
         Release\GameServer_EX603\TEventGreatPK.obj
         Release\GameServer_EX603\ThueFlag.obj
         Release\GameServer_EX603\ThuMuaDoExc.obj
         Release\GameServer_EX603\ThuongDanhBoss.obj
         Release\GameServer_EX603\Trade.obj
         Release\GameServer_EX603\TuLuyen.obj
         Release\GameServer_EX603\Union.obj
         Release\GameServer_EX603\UnionInfo.obj
         Release\GameServer_EX603\User.obj
         Release\GameServer_EX603\Util.obj
         Release\GameServer_EX603\Viewport.obj
         Release\GameServer_EX603\Warehouse.obj
         Release\GameServer_EX603\ZenDrop.obj
     1>Release\GameServer_EX603\CCRC32.obj : warning LNK4042: object specified more than once; extras ignored
         Generating code
     1>g:\source mu\source\gameserver_up15\gameserver\ductuong.cpp(301): warning C4789: destination of memory copy is too small
     1>g:\source mu\source\gameserver_up15\gameserver\ductuong.cpp(302): warning C4789: destination of memory copy is too small
     1>g:\source mu\source\gameserver_up15\gameserver\ductuong.cpp(303): warning C4789: destination of memory copy is too small
     1>g:\source mu\source\gameserver_up15\gameserver\ductuong.cpp(304): warning C4789: destination of memory copy is too small
     1>g:\source mu\source\gameserver_up15\gameserver\ductuong.cpp(89): warning C4789: destination of memory copy is too small
     1>g:\source mu\source\gameserver_up15\gameserver\ductuong.cpp(90): warning C4789: destination of memory copy is too small
     1>g:\source mu\source\gameserver_up15\gameserver\ductuong.cpp(91): warning C4789: destination of memory copy is too small
     1>g:\source mu\source\gameserver_up15\gameserver\ductuong.cpp(92): warning C4789: destination of memory copy is too small
     1>g:\source mu\source\gameserver_up15\gameserver\skyevent.cpp(160): warning C4700: uninitialized local variable 'iLevel' used
     1>g:\source mu\source\gameserver_up15\gameserver\fakeonline.cpp(217): warning C4700: uninitialized local variable 'path' used
     1>g:\source mu\source\gameserver_up15\gameserver\offlinemode.cpp(220): warning C4700: uninitialized local variable 'path' used
     1>g:\source mu\source\gameserver_up15\gameserver\customstore.cpp(644): warning C4715: 'CCustomStore::OnPShopBuyItemRecv' : not all control paths return a value
         Finished generating code
         GameServer.vcxproj -> G:\source mu\Source\GameServer_UP15\GameServer\..\..\..\MuServer\4.Sub-1\GameServer\GameServer.exe
       Manifest:
         C:\Program Files (x86)\Microsoft SDKs\Windows\v7.0A\bin\mt.exe /nologo /verbose /out:"G:\source mu\Source\GameServer_UP15\GameServer\..\..\..\MuServer\4.Sub-1\GameServer\GameServer.exe.manifest" /manifest Release\GameServer_EX603\GameServer.exe.intermediate.manifest
       FinalizeBuildStatus:
         Deleting file "Release\GameServer_EX603\GameServer.unsuccessfulbuild".
         Touching "Release\GameServer_EX603\GameServer.lastbuildstate".
     1>Done Building Project "G:\source mu\Source\GameServer_UP15\GameServer\GameServer.vcxproj" (build target(s)).

Build succeeded.

Time Elapsed 00:00:50.43
